This is pdfTeX, Version 3.141592653-2.6-1.40.27 (TeX Live 2025/nixos.org) (preloaded format=pdflatex 1980.1.1)  6 SEP 2026 11:09
entering extended mode
 \write18 enabled.
 file:line:error style messages enabled.
 %&-line parsing enabled.
**Presentation.tex
(./Presentation.tex
LaTeX2e <2025-06-01> patch level 1
L3 programming layer <2025-06-09>
(/nix/store/46ijisvi9d4k5mxjq6w1lhn9cb12a7v8-texlive-2025-env-texmfdist/tex/latex/beamer/beamer.cls
Document Class: beamer 2025/06/15 v3.74 A class for typesetting presentations
(/nix/store/46ijisvi9d4k5mxjq6w1lhn9cb12a7v8-texlive-2025-env-texmfdist/tex/latex/beamer/beamerbasemodes.sty (/nix/store/46ijisvi9d4k5mxjq6w1lhn9cb12a7v8-texlive-2025-env-texmfdist/tex/latex/etoolbox/etoolbox.sty
Package: etoolbox 2025/02/11 v2.5l e-TeX tools for LaTeX (JAW)
\etb@tempcnta=\count275
)
\beamer@tempbox=\box53
\beamer@tempcount=\count276
\c@beamerpauses=\count277
 (/nix/store/46ijisvi9d4k5mxjq6w1lhn9cb12a7v8-texlive-2025-env-texmfdist/tex/latex/beamer/beamerbasedecode.sty
\beamer@slideinframe=\count278
\beamer@minimum=\count279
\beamer@decode@box=\box54
)
\beamer@commentbox=\box55
\beamer@modecount=\count280
) (/nix/store/46ijisvi9d4k5mxjq6w1lhn9cb12a7v8-texlive-2025-env-texmfdist/tex/generic/iftex/iftex.sty
Package: iftex 2024/12/12 v1.0g TeX engine tests
)
\headdp=\dimen148
\footheight=\dimen149
\sidebarheight=\dimen150
\beamer@tempdim=\dimen151
\beamer@finalheight=\dimen152
\beamer@animht=\dimen153
\beamer@animdp=\dimen154
\beamer@animwd=\dimen155
\beamer@leftmargin=\dimen156
\beamer@rightmargin=\dimen157
\beamer@leftsidebar=\dimen158
\beamer@rightsidebar=\dimen159
\beamer@boxsize=\dimen160
\beamer@vboxoffset=\dimen161
\beamer@descdefault=\dimen162
\beamer@descriptionwidth=\dimen163
\beamer@lastskip=\skip49
\beamer@areabox=\box56
\beamer@animcurrent=\box57
\beamer@animshowbox=\box58
\beamer@sectionbox=\box59
\beamer@logobox=\box60
\beamer@linebox=\box61
\beamer@sectioncount=\count281
\beamer@subsubsectionmax=\count282
\beamer@subsectionmax=\count283
\beamer@sectionmax=\count284
\beamer@totalheads=\count285
\beamer@headcounter=\count286
\beamer@partstartpage=\count287
\beamer@sectionstartpage=\count288
\beamer@subsectionstartpage=\count289
\beamer@animationtempa=\count290
\beamer@animationtempb=\count291
\beamer@xpos=\count292
\beamer@ypos=\count293
\beamer@ypos@offset=\count294
\beamer@showpartnumber=\count295
\beamer@currentsubsection=\count296
\beamer@coveringdepth=\count297
\beamer@sectionadjust=\count298
\beamer@toclastsection=\count299
\beamer@tocsectionnumber=\count300
 (/nix/store/46ijisvi9d4k5mxjq6w1lhn9cb12a7v8-texlive-2025-env-texmfdist/tex/latex/beamer/beamerbaseoptions.sty (/nix/store/46ijisvi9d4k5mxjq6w1lhn9cb12a7v8-texlive-2025-env-texmfdist/tex/latex/graphics/keyval.sty
Package: keyval 2022/05/29 v1.15 key=value parser (DPC)
\KV@toks@=\toks17
))
\beamer@paperwidth=\skip50
\beamer@paperheight=\skip51
 (/nix/store/46ijisvi9d4k5mxjq6w1lhn9cb12a7v8-texlive-2025-env-texmfdist/tex/latex/geometry/geometry.sty
Package: geometry 2020/01/02 v5.9 Page Geometry
 (/nix/store/46ijisvi9d4k5mxjq6w1lhn9cb12a7v8-texlive-2025-env-texmfdist/tex/generic/iftex/ifvtex.sty
Package: ifvtex 2019/10/25 v1.7 ifvtex legacy package. Use iftex instead.
)
\Gm@cnth=\count301
\Gm@cntv=\count302
\c@Gm@tempcnt=\count303
\Gm@bindingoffset=\dimen164
\Gm@wd@mp=\dimen165
\Gm@odd@mp=\dimen166
\Gm@even@mp=\dimen167
\Gm@layoutwidth=\dimen168
\Gm@layoutheight=\dimen169
\Gm@layouthoffset=\dimen170
\Gm@layoutvoffset=\dimen171
\Gm@dimlist=\toks18
) (/nix/store/46ijisvi9d4k5mxjq6w1lhn9cb12a7v8-texlive-2025-env-texmfdist/tex/latex/pgf/math/pgfmath.sty (/nix/store/46ijisvi9d4k5mxjq6w1lhn9cb12a7v8-texlive-2025-env-texmfdist/tex/latex/pgf/utilities/pgfrcs.sty (/nix/store/46ijisvi9d4k5mxjq6w1lhn9cb12a7v8-texlive-2025-env-texmfdist/tex/generic/pgf/utilities/pgfutil-common.tex
\pgfutil@everybye=\toks19
\pgfutil@tempdima=\dimen172
\pgfutil@tempdimb=\dimen173
) (/nix/store/46ijisvi9d4k5mxjq6w1lhn9cb12a7v8-texlive-2025-env-texmfdist/tex/generic/pgf/utilities/pgfutil-latex.def
\pgfutil@abb=\box62
) (/nix/store/46ijisvi9d4k5mxjq6w1lhn9cb12a7v8-texlive-2025-env-texmfdist/tex/generic/pgf/utilities/pgfrcs.code.tex (/nix/store/46ijisvi9d4k5mxjq6w1lhn9cb12a7v8-texlive-2025-env-texmfdist/tex/generic/pgf/pgf.revision.tex)
Package: pgfrcs 2023-01-15 v3.1.10 (3.1.10)
)) (/nix/store/46ijisvi9d4k5mxjq6w1lhn9cb12a7v8-texlive-2025-env-texmfdist/tex/latex/pgf/utilities/pgfkeys.sty (/nix/store/46ijisvi9d4k5mxjq6w1lhn9cb12a7v8-texlive-2025-env-texmfdist/tex/generic/pgf/utilities/pgfkeys.code.tex
\pgfkeys@pathtoks=\toks20
\pgfkeys@temptoks=\toks21
 (/nix/store/46ijisvi9d4k5mxjq6w1lhn9cb12a7v8-texlive-2025-env-texmfdist/tex/generic/pgf/utilities/pgfkeyslibraryfiltered.code.tex
\pgfkeys@tmptoks=\toks22
))) (/nix/store/46ijisvi9d4k5mxjq6w1lhn9cb12a7v8-texlive-2025-env-texmfdist/tex/generic/pgf/math/pgfmath.code.tex
(/nix/store/46ijisvi9d4k5mxjq6w1lhn9cb12a7v8-texlive-2025-env-texmfdist/tex/generic/pgf/math/pgfmathutil.code.tex
\pgf@x=\dimen174
\pgf@xa=\dimen175
\pgf@xb=\dimen176
\pgf@xc=\dimen177
\pgf@y=\dimen178
\pgf@ya=\dimen179
\pgf@yb=\dimen180
\pgf@yc=\dimen181
\c@pgf@counta=\count304
\c@pgf@countb=\count305
\c@pgf@countc=\count306
\c@pgf@countd=\count307
) (/nix/store/46ijisvi9d4k5mxjq6w1lhn9cb12a7v8-texlive-2025-env-texmfdist/tex/generic/pgf/math/pgfmathparser.code.tex
\pgfmath@dimen=\dimen182
\pgfmath@count=\count308
\pgfmath@box=\box63
\pgfmath@toks=\toks23
\pgfmath@stack@operand=\toks24
\pgfmath@stack@operation=\toks25
) (/nix/store/46ijisvi9d4k5mxjq6w1lhn9cb12a7v8-texlive-2025-env-texmfdist/tex/generic/pgf/math/pgfmathfunctions.code.tex) (/nix/store/46ijisvi9d4k5mxjq6w1lhn9cb12a7v8-texlive-2025-env-texmfdist/tex/generic/pgf/math/pgfmathfunctions.basic.code.tex) (/nix/store/46ijisvi9d4k5mxjq6w1lhn9cb12a7v8-texlive-2025-env-texmfdist/tex/generic/pgf/math/pgfmathfunctions.trigonometric.code.tex) (/nix/store/46ijisvi9d4k5mxjq6w1lhn9cb12a7v8-texlive-2025-env-texmfdist/tex/generic/pgf/math/pgfmathfunctions.random.code.tex) (/nix/store/46ijisvi9d4k5mxjq6w1lhn9cb12a7v8-texlive-2025-env-texmfdist/tex/generic/pgf/math/pgfmathfunctions.comparison.code.tex) (/nix/store/46ijisvi9d4k5mxjq6w1lhn9cb12a7v8-texlive-2025-env-texmfdist/tex/generic/pgf/math/pgfmathfunctions.base.code.tex) (/nix/store/46ijisvi9d4k5mxjq6w1lhn9cb12a7v8-texlive-2025-env-texmfdist/tex/generic/pgf/math/pgfmathfunctions.round.code.tex) (/nix/store/46ijisvi9d4k5mxjq6w1lhn9cb12a7v8-texlive-2025-env-texmfdist/tex/generic/pgf/math/pgfmathfunctions.misc.code.tex) (/nix/store/46ijisvi9d4k5mxjq6w1lhn9cb12a7v8-texlive-2025-env-texmfdist/tex/generic/pgf/math/pgfmathfunctions.integerarithmetics.code.tex) (/nix/store/46ijisvi9d4k5mxjq6w1lhn9cb12a7v8-texlive-2025-env-texmfdist/tex/generic/pgf/math/pgfmathcalc.code.tex) (/nix/store/46ijisvi9d4k5mxjq6w1lhn9cb12a7v8-texlive-2025-env-texmfdist/tex/generic/pgf/math/pgfmathfloat.code.tex
\c@pgfmathroundto@lastzeros=\count309
))) (/nix/store/46ijisvi9d4k5mxjq6w1lhn9cb12a7v8-texlive-2025-env-texmfdist/tex/latex/base/size10.clo
File: size10.clo 2025/01/22 v1.4n Standard LaTeX file (size option)
) (/nix/store/46ijisvi9d4k5mxjq6w1lhn9cb12a7v8-texlive-2025-env-texmfdist/tex/latex/pgf/basiclayer/pgfcore.sty (/nix/store/46ijisvi9d4k5mxjq6w1lhn9cb12a7v8-texlive-2025-env-texmfdist/tex/latex/graphics/graphicx.sty
Package: graphicx 2024/12/31 v1.2e Enhanced LaTeX Graphics (DPC,SPQR)

(/nix/store/46ijisvi9d4k5mxjq6w1lhn9cb12a7v8-texlive-2025-env-texmfdist/tex/latex/graphics/graphics.sty
Package: graphics 2024/08/06 v1.4g Standard LaTeX Graphics (DPC,SPQR)
 (/nix/store/46ijisvi9d4k5mxjq6w1lhn9cb12a7v8-texlive-2025-env-texmfdist/tex/latex/graphics/trig.sty
Package: trig 2023/12/02 v1.11 sin cos tan (DPC)
) (/nix/store/46ijisvi9d4k5mxjq6w1lhn9cb12a7v8-texlive-2025-env-texmfdist/tex/latex/graphics-cfg/graphics.cfg
File: graphics.cfg 2016/06/04 v1.11 sample graphics configuration
)
Package graphics Info: Driver file: pdftex.def on input line 106.
 (/nix/store/46ijisvi9d4k5mxjq6w1lhn9cb12a7v8-texlive-2025-env-texmfdist/tex/latex/graphics-def/pdftex.def
File: pdftex.def 2024/04/13 v1.2c Graphics/color driver for pdftex
))
\Gin@req@height=\dimen183
\Gin@req@width=\dimen184
) (/nix/store/46ijisvi9d4k5mxjq6w1lhn9cb12a7v8-texlive-2025-env-texmfdist/tex/latex/pgf/systemlayer/pgfsys.sty (/nix/store/46ijisvi9d4k5mxjq6w1lhn9cb12a7v8-texlive-2025-env-texmfdist/tex/generic/pgf/systemlayer/pgfsys.code.tex
Package: pgfsys 2023-01-15 v3.1.10 (3.1.10)
\pgf@x=\dimen185
\pgf@y=\dimen186
\pgf@xa=\dimen187
\pgf@ya=\dimen188
\pgf@xb=\dimen189
\pgf@yb=\dimen190
\pgf@xc=\dimen191
\pgf@yc=\dimen192
\pgf@xd=\dimen193
\pgf@yd=\dimen194
\w@pgf@writea=\write3
\r@pgf@reada=\read2
\c@pgf@counta=\count310
\c@pgf@countb=\count311
\c@pgf@countc=\count312
\c@pgf@countd=\count313
\t@pgf@toka=\toks26
\t@pgf@tokb=\toks27
\t@pgf@tokc=\toks28
\pgf@sys@id@count=\count314
 (/nix/store/46ijisvi9d4k5mxjq6w1lhn9cb12a7v8-texlive-2025-env-texmfdist/tex/generic/pgf/systemlayer/pgf.cfg
File: pgf.cfg 2023-01-15 v3.1.10 (3.1.10)
)
Driver file for pgf: pgfsys-pdftex.def
 (/nix/store/46ijisvi9d4k5mxjq6w1lhn9cb12a7v8-texlive-2025-env-texmfdist/tex/generic/pgf/systemlayer/pgfsys-pdftex.def
File: pgfsys-pdftex.def 2023-01-15 v3.1.10 (3.1.10)
 (/nix/store/46ijisvi9d4k5mxjq6w1lhn9cb12a7v8-texlive-2025-env-texmfdist/tex/generic/pgf/systemlayer/pgfsys-common-pdf.def
File: pgfsys-common-pdf.def 2023-01-15 v3.1.10 (3.1.10)
))) (/nix/store/46ijisvi9d4k5mxjq6w1lhn9cb12a7v8-texlive-2025-env-texmfdist/tex/generic/pgf/systemlayer/pgfsyssoftpath.code.tex
File: pgfsyssoftpath.code.tex 2023-01-15 v3.1.10 (3.1.10)
\pgfsyssoftpath@smallbuffer@items=\count315
\pgfsyssoftpath@bigbuffer@items=\count316
) (/nix/store/46ijisvi9d4k5mxjq6w1lhn9cb12a7v8-texlive-2025-env-texmfdist/tex/generic/pgf/systemlayer/pgfsysprotocol.code.tex
File: pgfsysprotocol.code.tex 2023-01-15 v3.1.10 (3.1.10)
)) (/nix/store/46ijisvi9d4k5mxjq6w1lhn9cb12a7v8-texlive-2025-env-texmfdist/tex/latex/xcolor/xcolor.sty
Package: xcolor 2024/09/29 v3.02 LaTeX color extensions (UK)
 (/nix/store/46ijisvi9d4k5mxjq6w1lhn9cb12a7v8-texlive-2025-env-texmfdist/tex/latex/graphics-cfg/color.cfg
File: color.cfg 2016/01/02 v1.6 sample color configuration
)
Package xcolor Info: Driver file: pdftex.def on input line 274.
 (/nix/store/46ijisvi9d4k5mxjq6w1lhn9cb12a7v8-texlive-2025-env-texmfdist/tex/latex/graphics/mathcolor.ltx)
Package xcolor Info: Model `cmy' substituted by `cmy0' on input line 1349.
Package xcolor Info: Model `hsb' substituted by `rgb' on input line 1353.
Package xcolor Info: Model `RGB' extended on input line 1365.
Package xcolor Info: Model `HTML' substituted by `rgb' on input line 1367.
Package xcolor Info: Model `Hsb' substituted by `hsb' on input line 1368.
Package xcolor Info: Model `tHsb' substituted by `hsb' on input line 1369.
Package xcolor Info: Model `HSB' substituted by `hsb' on input line 1370.
Package xcolor Info: Model `Gray' substituted by `gray' on input line 1371.
Package xcolor Info: Model `wave' substituted by `hsb' on input line 1372.
) (/nix/store/46ijisvi9d4k5mxjq6w1lhn9cb12a7v8-texlive-2025-env-texmfdist/tex/generic/pgf/basiclayer/pgfcore.code.tex
Package: pgfcore 2023-01-15 v3.1.10 (3.1.10)
 (/nix/store/46ijisvi9d4k5mxjq6w1lhn9cb12a7v8-texlive-2025-env-texmfdist/tex/generic/pgf/math/pgfint.code.tex) (/nix/store/46ijisvi9d4k5mxjq6w1lhn9cb12a7v8-texlive-2025-env-texmfdist/tex/generic/pgf/basiclayer/pgfcorepoints.code.tex
File: pgfcorepoints.code.tex 2023-01-15 v3.1.10 (3.1.10)
\pgf@picminx=\dimen195
\pgf@picmaxx=\dimen196
\pgf@picminy=\dimen197
\pgf@picmaxy=\dimen198
\pgf@pathminx=\dimen199
\pgf@pathmaxx=\dimen256
\pgf@pathminy=\dimen257
\pgf@pathmaxy=\dimen258
\pgf@xx=\dimen259
\pgf@xy=\dimen260
\pgf@yx=\dimen261
\pgf@yy=\dimen262
\pgf@zx=\dimen263
\pgf@zy=\dimen264
)
(/nix/store/46ijisvi9d4k5mxjq6w1lhn9cb12a7v8-texlive-2025-env-texmfdist/tex/generic/pgf/basiclayer/pgfcorepathconstruct.code.tex
File: pgfcorepathconstruct.code.tex 2023-01-15 v3.1.10 (3.1.10)
\pgf@path@lastx=\dimen265
\pgf@path@lasty=\dimen266
) (/nix/store/46ijisvi9d4k5mxjq6w1lhn9cb12a7v8-texlive-2025-env-texmfdist/tex/generic/pgf/basiclayer/pgfcorepathusage.code.tex
File: pgfcorepathusage.code.tex 2023-01-15 v3.1.10 (3.1.10)
\pgf@shorten@end@additional=\dimen267
\pgf@shorten@start@additional=\dimen268
) (/nix/store/46ijisvi9d4k5mxjq6w1lhn9cb12a7v8-texlive-2025-env-texmfdist/tex/generic/pgf/basiclayer/pgfcorescopes.code.tex
File: pgfcorescopes.code.tex 2023-01-15 v3.1.10 (3.1.10)
\pgfpic=\box64
\pgf@hbox=\box65
\pgf@layerbox@main=\box66
\pgf@picture@serial@count=\count317
) (/nix/store/46ijisvi9d4k5mxjq6w1lhn9cb12a7v8-texlive-2025-env-texmfdist/tex/generic/pgf/basiclayer/pgfcoregraphicstate.code.tex
File: pgfcoregraphicstate.code.tex 2023-01-15 v3.1.10 (3.1.10)
\pgflinewidth=\dimen269
) (/nix/store/46ijisvi9d4k5mxjq6w1lhn9cb12a7v8-texlive-2025-env-texmfdist/tex/generic/pgf/basiclayer/pgfcoretransformations.code.tex
File: pgfcoretransformations.code.tex 2023-01-15 v3.1.10 (3.1.10)
\pgf@pt@x=\dimen270
\pgf@pt@y=\dimen271
\pgf@pt@temp=\dimen272
) (/nix/store/46ijisvi9d4k5mxjq6w1lhn9cb12a7v8-texlive-2025-env-texmfdist/tex/generic/pgf/basiclayer/pgfcorequick.code.tex
File: pgfcorequick.code.tex 2023-01-15 v3.1.10 (3.1.10)
) (/nix/store/46ijisvi9d4k5mxjq6w1lhn9cb12a7v8-texlive-2025-env-texmfdist/tex/generic/pgf/basiclayer/pgfcoreobjects.code.tex
File: pgfcoreobjects.code.tex 2023-01-15 v3.1.10 (3.1.10)
) (/nix/store/46ijisvi9d4k5mxjq6w1lhn9cb12a7v8-texlive-2025-env-texmfdist/tex/generic/pgf/basiclayer/pgfcorepathprocessing.code.tex
File: pgfcorepathprocessing.code.tex 2023-01-15 v3.1.10 (3.1.10)
) (/nix/store/46ijisvi9d4k5mxjq6w1lhn9cb12a7v8-texlive-2025-env-texmfdist/tex/generic/pgf/basiclayer/pgfcorearrows.code.tex
File: pgfcorearrows.code.tex 2023-01-15 v3.1.10 (3.1.10)
\pgfarrowsep=\dimen273
) (/nix/store/46ijisvi9d4k5mxjq6w1lhn9cb12a7v8-texlive-2025-env-texmfdist/tex/generic/pgf/basiclayer/pgfcoreshade.code.tex
File: pgfcoreshade.code.tex 2023-01-15 v3.1.10 (3.1.10)
\pgf@max=\dimen274
\pgf@sys@shading@range@num=\count318
\pgf@shadingcount=\count319
) (/nix/store/46ijisvi9d4k5mxjq6w1lhn9cb12a7v8-texlive-2025-env-texmfdist/tex/generic/pgf/basiclayer/pgfcoreimage.code.tex
File: pgfcoreimage.code.tex 2023-01-15 v3.1.10 (3.1.10)
) (/nix/store/46ijisvi9d4k5mxjq6w1lhn9cb12a7v8-texlive-2025-env-texmfdist/tex/generic/pgf/basiclayer/pgfcoreexternal.code.tex
File: pgfcoreexternal.code.tex 2023-01-15 v3.1.10 (3.1.10)
\pgfexternal@startupbox=\box67
) (/nix/store/46ijisvi9d4k5mxjq6w1lhn9cb12a7v8-texlive-2025-env-texmfdist/tex/generic/pgf/basiclayer/pgfcorelayers.code.tex
File: pgfcorelayers.code.tex 2023-01-15 v3.1.10 (3.1.10)
) (/nix/store/46ijisvi9d4k5mxjq6w1lhn9cb12a7v8-texlive-2025-env-texmfdist/tex/generic/pgf/basiclayer/pgfcoretransparency.code.tex
File: pgfcoretransparency.code.tex 2023-01-15 v3.1.10 (3.1.10)
) (/nix/store/46ijisvi9d4k5mxjq6w1lhn9cb12a7v8-texlive-2025-env-texmfdist/tex/generic/pgf/basiclayer/pgfcorepatterns.code.tex
File: pgfcorepatterns.code.tex 2023-01-15 v3.1.10 (3.1.10)
)
(/nix/store/46ijisvi9d4k5mxjq6w1lhn9cb12a7v8-texlive-2025-env-texmfdist/tex/generic/pgf/basiclayer/pgfcorerdf.code.tex
File: pgfcorerdf.code.tex 2023-01-15 v3.1.10 (3.1.10)
))) (/nix/store/46ijisvi9d4k5mxjq6w1lhn9cb12a7v8-texlive-2025-env-texmfdist/tex/latex/pgf/utilities/xxcolor.sty
Package: xxcolor 2003/10/24 ver 0.1
\XC@nummixins=\count320
\XC@countmixins=\count321
) (/nix/store/46ijisvi9d4k5mxjq6w1lhn9cb12a7v8-texlive-2025-env-texmfdist/tex/latex/base/atbegshi-ltx.sty
Package: atbegshi-ltx 2021/01/10 v1.0c Emulation of the original atbegshi
package with kernel methods
) (/nix/store/46ijisvi9d4k5mxjq6w1lhn9cb12a7v8-texlive-2025-env-texmfdist/tex/latex/hyperref/hyperref.sty
Package: hyperref 2025-06-21 v7.01n Hypertext links for LaTeX
 (/nix/store/46ijisvi9d4k5mxjq6w1lhn9cb12a7v8-texlive-2025-env-texmfdist/tex/latex/kvsetkeys/kvsetkeys.sty
Package: kvsetkeys 2022-10-05 v1.19 Key value parser (HO)
) (/nix/store/46ijisvi9d4k5mxjq6w1lhn9cb12a7v8-texlive-2025-env-texmfdist/tex/generic/kvdefinekeys/kvdefinekeys.sty
Package: kvdefinekeys 2019-12-19 v1.6 Define keys (HO)
) (/nix/store/46ijisvi9d4k5mxjq6w1lhn9cb12a7v8-texlive-2025-env-texmfdist/tex/generic/pdfescape/pdfescape.sty
Package: pdfescape 2019/12/09 v1.15 Implements pdfTeX's escape features (HO)
 (/nix/store/46ijisvi9d4k5mxjq6w1lhn9cb12a7v8-texlive-2025-env-texmfdist/tex/generic/ltxcmds/ltxcmds.sty
Package: ltxcmds 2023-12-04 v1.26 LaTeX kernel commands for general use (HO)
) (/nix/store/46ijisvi9d4k5mxjq6w1lhn9cb12a7v8-texlive-2025-env-texmfdist/tex/generic/pdftexcmds/pdftexcmds.sty
Package: pdftexcmds 2020-06-27 v0.33 Utility functions of pdfTeX for LuaTeX (HO)
 (/nix/store/46ijisvi9d4k5mxjq6w1lhn9cb12a7v8-texlive-2025-env-texmfdist/tex/generic/infwarerr/infwarerr.sty
Package: infwarerr 2019/12/03 v1.5 Providing info/warning/error messages (HO)
)
Package pdftexcmds Info: \pdf@primitive is available.
Package pdftexcmds Info: \pdf@ifprimitive is available.
Package pdftexcmds Info: \pdfdraftmode found.
)) (/nix/store/46ijisvi9d4k5mxjq6w1lhn9cb12a7v8-texlive-2025-env-texmfdist/tex/latex/hycolor/hycolor.sty
Package: hycolor 2020-01-27 v1.10 Color options for hyperref/bookmark (HO)
) (/nix/store/46ijisvi9d4k5mxjq6w1lhn9cb12a7v8-texlive-2025-env-texmfdist/tex/latex/hyperref/nameref.sty
Package: nameref 2025-06-21 v2.57 Cross-referencing by name of section
 (/nix/store/46ijisvi9d4k5mxjq6w1lhn9cb12a7v8-texlive-2025-env-texmfdist/tex/latex/refcount/refcount.sty
Package: refcount 2019/12/15 v3.6 Data extraction from label references (HO)
) (/nix/store/46ijisvi9d4k5mxjq6w1lhn9cb12a7v8-texlive-2025-env-texmfdist/tex/generic/gettitlestring/gettitlestring.sty
Package: gettitlestring 2019/12/15 v1.6 Cleanup title references (HO)
 (/nix/store/46ijisvi9d4k5mxjq6w1lhn9cb12a7v8-texlive-2025-env-texmfdist/tex/latex/kvoptions/kvoptions.sty
Package: kvoptions 2022-06-15 v3.15 Key value format for package options (HO)
))
\c@section@level=\count322
) (/nix/store/46ijisvi9d4k5mxjq6w1lhn9cb12a7v8-texlive-2025-env-texmfdist/tex/generic/stringenc/stringenc.sty
Package: stringenc 2019/11/29 v1.12 Convert strings between diff. encodings (HO)
)
\@linkdim=\dimen275
\Hy@linkcounter=\count323
\Hy@pagecounter=\count324
 (/nix/store/46ijisvi9d4k5mxjq6w1lhn9cb12a7v8-texlive-2025-env-texmfdist/tex/latex/hyperref/pd1enc.def
File: pd1enc.def 2025-06-21 v7.01n Hyperref: PDFDocEncoding definition (HO)
Now handling font encoding PD1 ...
... no UTF-8 mapping file for font encoding PD1
) (/nix/store/46ijisvi9d4k5mxjq6w1lhn9cb12a7v8-texlive-2025-env-texmfdist/tex/generic/intcalc/intcalc.sty
Package: intcalc 2019/12/15 v1.3 Expandable calculations with integers (HO)
)
\Hy@SavedSpaceFactor=\count325

(/nix/store/46ijisvi9d4k5mxjq6w1lhn9cb12a7v8-texlive-2025-env-texmfdist/tex/latex/hyperref/puenc.def
File: puenc.def 2025-06-21 v7.01n Hyperref: PDF Unicode definition (HO)
Now handling font encoding PU ...
... no UTF-8 mapping file for font encoding PU
)
Package hyperref Info: Option `bookmarks' set `true' on input line 4052.
Package hyperref Info: Option `bookmarksopen' set `true' on input line 4052.
Package hyperref Info: Option `implicit' set `false' on input line 4052.
Package hyperref Info: Hyper figures OFF on input line 4181.
Package hyperref Info: Link nesting OFF on input line 4186.
Package hyperref Info: Hyper index ON on input line 4189.
Package hyperref Info: Plain pages OFF on input line 4196.
Package hyperref Info: Backreferencing OFF on input line 4201.
Package hyperref Info: Implicit mode OFF; no redefinition of LaTeX internals.
Package hyperref Info: Bookmarks ON on input line 4448.
\c@Hy@tempcnt=\count326
 (/nix/store/46ijisvi9d4k5mxjq6w1lhn9cb12a7v8-texlive-2025-env-texmfdist/tex/latex/url/url.sty
\Urlmuskip=\muskip17
Package: url 2013/09/16  ver 3.4  Verb mode for urls, etc.
)
LaTeX Info: Redefining \url on input line 4787.
\XeTeXLinkMargin=\dimen276
 (/nix/store/46ijisvi9d4k5mxjq6w1lhn9cb12a7v8-texlive-2025-env-texmfdist/tex/generic/bitset/bitset.sty
Package: bitset 2019/12/09 v1.3 Handle bit-vector datatype (HO)
 (/nix/store/46ijisvi9d4k5mxjq6w1lhn9cb12a7v8-texlive-2025-env-texmfdist/tex/generic/bigintcalc/bigintcalc.sty
Package: bigintcalc 2019/12/15 v1.5 Expandable calculations on big integers (HO)
))
\Fld@menulength=\count327
\Field@Width=\dimen277
\Fld@charsize=\dimen278
Package hyperref Info: Hyper figures OFF on input line 6066.
Package hyperref Info: Link nesting OFF on input line 6071.
Package hyperref Info: Hyper index ON on input line 6074.
Package hyperref Info: backreferencing OFF on input line 6081.
Package hyperref Info: Link coloring OFF on input line 6086.
Package hyperref Info: Link coloring with OCG OFF on input line 6091.
Package hyperref Info: PDF/A mode OFF on input line 6096.
\Hy@abspage=\count328


Package hyperref Message: Stopped early.

)
Package hyperref Info: Driver (autodetected): hpdftex.
 (/nix/store/46ijisvi9d4k5mxjq6w1lhn9cb12a7v8-texlive-2025-env-texmfdist/tex/latex/hyperref/hpdftex.def
File: hpdftex.def 2025-06-21 v7.01n Hyperref driver for pdfTeX
\Fld@listcount=\count329
\c@bookmark@seq@number=\count330
 (/nix/store/46ijisvi9d4k5mxjq6w1lhn9cb12a7v8-texlive-2025-env-texmfdist/tex/latex/rerunfilecheck/rerunfilecheck.sty
Package: rerunfilecheck 2025-06-21 v1.11 Rerun checks for auxiliary files (HO)
 (/nix/store/46ijisvi9d4k5mxjq6w1lhn9cb12a7v8-texlive-2025-env-texmfdist/tex/generic/uniquecounter/uniquecounter.sty
Package: uniquecounter 2019/12/15 v1.4 Provide unlimited unique counter (HO)
)
Package uniquecounter Info: New unique counter `rerunfilecheck' on input line 284.
)) (/nix/store/46ijisvi9d4k5mxjq6w1lhn9cb12a7v8-texlive-2025-env-texmfdist/tex/latex/beamer/beamerbaserequires.sty (/nix/store/46ijisvi9d4k5mxjq6w1lhn9cb12a7v8-texlive-2025-env-texmfdist/tex/latex/beamer/beamerbasecompatibility.sty) (/nix/store/46ijisvi9d4k5mxjq6w1lhn9cb12a7v8-texlive-2025-env-texmfdist/tex/latex/beamer/beamerbasefont.sty (/nix/store/46ijisvi9d4k5mxjq6w1lhn9cb12a7v8-texlive-2025-env-texmfdist/tex/latex/amsfonts/amssymb.sty
Package: amssymb 2013/01/14 v3.01 AMS font symbols
 (/nix/store/46ijisvi9d4k5mxjq6w1lhn9cb12a7v8-texlive-2025-env-texmfdist/tex/latex/amsfonts/amsfonts.sty
Package: amsfonts 2013/01/14 v3.01 Basic AMSFonts support
\@emptytoks=\toks29
\symAMSa=\mathgroup4
\symAMSb=\mathgroup5
LaTeX Font Info:    Redeclaring math symbol \hbar on input line 98.
LaTeX Font Info:    Overwriting math alphabet `\mathfrak' in version `bold'
(Font)                  U/euf/m/n --> U/euf/b/n on input line 106.
)) (/nix/store/46ijisvi9d4k5mxjq6w1lhn9cb12a7v8-texlive-2025-env-texmfdist/tex/latex/sansmathaccent/sansmathaccent.sty
Package: sansmathaccent 2020/01/31
 (/nix/store/46ijisvi9d4k5mxjq6w1lhn9cb12a7v8-texlive-2025-env-texmfdist/tex/latex/koma-script/scrlfile.sty
Package: scrlfile 2025/06/04 v3.45 KOMA-Script package (file load hooks)
 (/nix/store/46ijisvi9d4k5mxjq6w1lhn9cb12a7v8-texlive-2025-env-texmfdist/tex/latex/koma-script/scrlfile-hook.sty
Package: scrlfile-hook 2025/06/04 v3.45 KOMA-Script package (using LaTeX hooks)
 (/nix/store/46ijisvi9d4k5mxjq6w1lhn9cb12a7v8-texlive-2025-env-texmfdist/tex/latex/koma-script/scrlogo.sty
Package: scrlogo 2025/06/04 v3.45 KOMA-Script package (logo)
))))) (/nix/store/46ijisvi9d4k5mxjq6w1lhn9cb12a7v8-texlive-2025-env-texmfdist/tex/latex/beamer/beamerbasetranslator.sty (/nix/store/46ijisvi9d4k5mxjq6w1lhn9cb12a7v8-texlive-2025-env-texmfdist/tex/latex/translator/translator.sty
Package: translator 2021-05-31 v1.12d Easy translation of strings in LaTeX
)) (/nix/store/46ijisvi9d4k5mxjq6w1lhn9cb12a7v8-texlive-2025-env-texmfdist/tex/latex/beamer/beamerbasemisc.sty) (/nix/store/46ijisvi9d4k5mxjq6w1lhn9cb12a7v8-texlive-2025-env-texmfdist/tex/latex/beamer/beamerbasetwoscreens.sty) (/nix/store/46ijisvi9d4k5mxjq6w1lhn9cb12a7v8-texlive-2025-env-texmfdist/tex/latex/beamer/beamerbaseoverlay.sty
\beamer@argscount=\count331
\beamer@lastskipcover=\skip52
\beamer@trivlistdepth=\count332
)
(/nix/store/46ijisvi9d4k5mxjq6w1lhn9cb12a7v8-texlive-2025-env-texmfdist/tex/latex/beamer/beamerbasetitle.sty) (/nix/store/46ijisvi9d4k5mxjq6w1lhn9cb12a7v8-texlive-2025-env-texmfdist/tex/latex/beamer/beamerbasesection.sty
\c@lecture=\count333
\c@part=\count334
\c@section=\count335
\c@subsection=\count336
\c@subsubsection=\count337
) (/nix/store/46ijisvi9d4k5mxjq6w1lhn9cb12a7v8-texlive-2025-env-texmfdist/tex/latex/beamer/beamerbaseframe.sty
\beamer@framebox=\box68
\beamer@frametitlebox=\box69
\beamer@zoombox=\box70
\beamer@zoomcount=\count338
\beamer@zoomframecount=\count339
\beamer@frametextheight=\dimen279
\c@subsectionslide=\count340
\beamer@frametopskip=\skip53
\beamer@framebottomskip=\skip54
\beamer@frametopskipautobreak=\skip55
\beamer@framebottomskipautobreak=\skip56
\beamer@envbody=\toks30
\framewidth=\dimen280
\c@framenumber=\count341
) (/nix/store/46ijisvi9d4k5mxjq6w1lhn9cb12a7v8-texlive-2025-env-texmfdist/tex/latex/beamer/beamerbaseverbatim.sty
\beamer@verbatimfileout=\write4
) (/nix/store/46ijisvi9d4k5mxjq6w1lhn9cb12a7v8-texlive-2025-env-texmfdist/tex/latex/beamer/beamerbaseframesize.sty
\beamer@splitbox=\box71
\beamer@autobreakcount=\count342
\beamer@autobreaklastheight=\dimen281
\beamer@frametitletoks=\toks31
\beamer@framesubtitletoks=\toks32
) (/nix/store/46ijisvi9d4k5mxjq6w1lhn9cb12a7v8-texlive-2025-env-texmfdist/tex/latex/beamer/beamerbaseframecomponents.sty
\beamer@footins=\box72
) (/nix/store/46ijisvi9d4k5mxjq6w1lhn9cb12a7v8-texlive-2025-env-texmfdist/tex/latex/beamer/beamerbasecolor.sty) (/nix/store/46ijisvi9d4k5mxjq6w1lhn9cb12a7v8-texlive-2025-env-texmfdist/tex/latex/beamer/beamerbasenotes.sty
\beamer@frameboxcopy=\box73
) (/nix/store/46ijisvi9d4k5mxjq6w1lhn9cb12a7v8-texlive-2025-env-texmfdist/tex/latex/beamer/beamerbasetoc.sty) (/nix/store/46ijisvi9d4k5mxjq6w1lhn9cb12a7v8-texlive-2025-env-texmfdist/tex/latex/beamer/beamerbasetemplates.sty
\beamer@sbttoks=\toks33
 (/nix/store/46ijisvi9d4k5mxjq6w1lhn9cb12a7v8-texlive-2025-env-texmfdist/tex/latex/beamer/beamerbaseauxtemplates.sty (/nix/store/46ijisvi9d4k5mxjq6w1lhn9cb12a7v8-texlive-2025-env-texmfdist/tex/latex/beamer/beamerbaseboxes.sty
\bmb@box=\box74
\bmb@colorbox=\box75
\bmb@boxwidth=\dimen282
\bmb@boxheight=\dimen283
\bmb@prevheight=\dimen284
\bmb@temp=\dimen285
\bmb@dima=\dimen286
\bmb@dimb=\dimen287
\bmb@prevheight=\dimen288
)
\beamer@blockheadheight=\dimen289
)) (/nix/store/46ijisvi9d4k5mxjq6w1lhn9cb12a7v8-texlive-2025-env-texmfdist/tex/latex/beamer/beamerbaselocalstructure.sty (/nix/store/46ijisvi9d4k5mxjq6w1lhn9cb12a7v8-texlive-2025-env-texmfdist/tex/latex/tools/enumerate.sty
Package: enumerate 2023/07/04 v3.00 enumerate extensions (DPC)
\@enLab=\toks34
)
\beamer@bibiconwidth=\skip57
\c@figure=\count343
\c@table=\count344
\abovecaptionskip=\skip58
\belowcaptionskip=\skip59
) (/nix/store/46ijisvi9d4k5mxjq6w1lhn9cb12a7v8-texlive-2025-env-texmfdist/tex/latex/beamer/beamerbasenavigation.sty (/nix/store/46ijisvi9d4k5mxjq6w1lhn9cb12a7v8-texlive-2025-env-texmfdist/tex/latex/beamer/beamerbasenavigationsymbols.tex)
\beamer@section@min@dim=\dimen290
) (/nix/store/46ijisvi9d4k5mxjq6w1lhn9cb12a7v8-texlive-2025-env-texmfdist/tex/latex/beamer/beamerbasetheorems.sty
(/nix/store/46ijisvi9d4k5mxjq6w1lhn9cb12a7v8-texlive-2025-env-texmfdist/tex/latex/amsmath/amsmath.sty
Package: amsmath 2025/06/16 v2.17y AMS math features
\@mathmargin=\skip60

For additional information on amsmath, use the `?' option.
(/nix/store/46ijisvi9d4k5mxjq6w1lhn9cb12a7v8-texlive-2025-env-texmfdist/tex/latex/amsmath/amstext.sty
Package: amstext 2024/11/17 v2.01 AMS text
 (/nix/store/46ijisvi9d4k5mxjq6w1lhn9cb12a7v8-texlive-2025-env-texmfdist/tex/latex/amsmath/amsgen.sty
File: amsgen.sty 1999/11/30 v2.0 generic functions
\@emptytoks=\toks35
\ex@=\dimen291
)) (/nix/store/46ijisvi9d4k5mxjq6w1lhn9cb12a7v8-texlive-2025-env-texmfdist/tex/latex/amsmath/amsbsy.sty
Package: amsbsy 1999/11/29 v1.2d Bold Symbols
\pmbraise@=\dimen292
) (/nix/store/46ijisvi9d4k5mxjq6w1lhn9cb12a7v8-texlive-2025-env-texmfdist/tex/latex/amsmath/amsopn.sty
Package: amsopn 2022/04/08 v2.04 operator names
)
\inf@bad=\count345
LaTeX Info: Redefining \frac on input line 233.
\uproot@=\count346
\leftroot@=\count347
LaTeX Info: Redefining \overline on input line 398.
LaTeX Info: Redefining \colon on input line 409.
\classnum@=\count348
\DOTSCASE@=\count349
LaTeX Info: Redefining \ldots on input line 495.
LaTeX Info: Redefining \dots on input line 498.
LaTeX Info: Redefining \cdots on input line 619.
\Mathstrutbox@=\box76
\strutbox@=\box77
LaTeX Info: Redefining \big on input line 721.
LaTeX Info: Redefining \Big on input line 722.
LaTeX Info: Redefining \bigg on input line 723.
LaTeX Info: Redefining \Bigg on input line 724.
\big@size=\dimen293
LaTeX Font Info:    Redeclaring font encoding OML on input line 742.
LaTeX Font Info:    Redeclaring font encoding OMS on input line 743.
\macc@depth=\count350
LaTeX Info: Redefining \bmod on input line 904.
LaTeX Info: Redefining \pmod on input line 909.
LaTeX Info: Redefining \smash on input line 939.
LaTeX Info: Redefining \relbar on input line 969.
LaTeX Info: Redefining \Relbar on input line 970.
\c@MaxMatrixCols=\count351
\dotsspace@=\muskip18
\c@parentequation=\count352
\dspbrk@lvl=\count353
\tag@help=\toks36
\row@=\count354
\column@=\count355
\maxfields@=\count356
\andhelp@=\toks37
\eqnshift@=\dimen294
\alignsep@=\dimen295
\tagshift@=\dimen296
\tagwidth@=\dimen297
\totwidth@=\dimen298
\lineht@=\dimen299
\@envbody=\toks38
\multlinegap=\skip61
\multlinetaggap=\skip62
\mathdisplay@stack=\toks39
LaTeX Info: Redefining \[ on input line 2949.
LaTeX Info: Redefining \] on input line 2950.
) (/nix/store/46ijisvi9d4k5mxjq6w1lhn9cb12a7v8-texlive-2025-env-texmfdist/tex/latex/amscls/amsthm.sty
Package: amsthm 2020/05/29 v2.20.6
\thm@style=\toks40
\thm@bodyfont=\toks41
\thm@headfont=\toks42
\thm@notefont=\toks43
\thm@headpunct=\toks44
\thm@preskip=\skip63
\thm@postskip=\skip64
\thm@headsep=\skip65
\dth@everypar=\toks45
)
\c@theorem=\count357
) (/nix/store/46ijisvi9d4k5mxjq6w1lhn9cb12a7v8-texlive-2025-env-texmfdist/tex/latex/beamer/beamerbasethemes.sty)) (/nix/store/46ijisvi9d4k5mxjq6w1lhn9cb12a7v8-texlive-2025-env-texmfdist/tex/latex/beamer/beamerthemedefault.sty (/nix/store/46ijisvi9d4k5mxjq6w1lhn9cb12a7v8-texlive-2025-env-texmfdist/tex/latex/beamer/beamerfontthemedefault.sty) (/nix/store/46ijisvi9d4k5mxjq6w1lhn9cb12a7v8-texlive-2025-env-texmfdist/tex/latex/beamer/beamercolorthemedefault.sty) (/nix/store/46ijisvi9d4k5mxjq6w1lhn9cb12a7v8-texlive-2025-env-texmfdist/tex/latex/beamer/beamerinnerthemedefault.sty
\beamer@dima=\dimen300
\beamer@dimb=\dimen301
) (/nix/store/46ijisvi9d4k5mxjq6w1lhn9cb12a7v8-texlive-2025-env-texmfdist/tex/latex/beamer/beamerouterthemedefault.sty))) (./beamerthemesintef.sty
Package: beamerthemesintef 2021/11/02
 (/nix/store/46ijisvi9d4k5mxjq6w1lhn9cb12a7v8-texlive-2025-env-texmfdist/tex/latex/pgf/frontendlayer/tikz.sty (/nix/store/46ijisvi9d4k5mxjq6w1lhn9cb12a7v8-texlive-2025-env-texmfdist/tex/latex/pgf/basiclayer/pgf.sty
Package: pgf 2023-01-15 v3.1.10 (3.1.10)
 (/nix/store/46ijisvi9d4k5mxjq6w1lhn9cb12a7v8-texlive-2025-env-texmfdist/tex/generic/pgf/modules/pgfmoduleshapes.code.tex
File: pgfmoduleshapes.code.tex 2023-01-15 v3.1.10 (3.1.10)
\pgfnodeparttextbox=\box78
) (/nix/store/46ijisvi9d4k5mxjq6w1lhn9cb12a7v8-texlive-2025-env-texmfdist/tex/generic/pgf/modules/pgfmoduleplot.code.tex
File: pgfmoduleplot.code.tex 2023-01-15 v3.1.10 (3.1.10)
) (/nix/store/46ijisvi9d4k5mxjq6w1lhn9cb12a7v8-texlive-2025-env-texmfdist/tex/latex/pgf/compatibility/pgfcomp-version-0-65.sty
Package: pgfcomp-version-0-65 2023-01-15 v3.1.10 (3.1.10)
\pgf@nodesepstart=\dimen302
\pgf@nodesepend=\dimen303
) (/nix/store/46ijisvi9d4k5mxjq6w1lhn9cb12a7v8-texlive-2025-env-texmfdist/tex/latex/pgf/compatibility/pgfcomp-version-1-18.sty
Package: pgfcomp-version-1-18 2023-01-15 v3.1.10 (3.1.10)
))
(/nix/store/46ijisvi9d4k5mxjq6w1lhn9cb12a7v8-texlive-2025-env-texmfdist/tex/latex/pgf/utilities/pgffor.sty (/nix/store/46ijisvi9d4k5mxjq6w1lhn9cb12a7v8-texlive-2025-env-texmfdist/tex/generic/pgf/utilities/pgffor.code.tex
Package: pgffor 2023-01-15 v3.1.10 (3.1.10)
\pgffor@iter=\dimen304
\pgffor@skip=\dimen305
\pgffor@stack=\toks46
\pgffor@toks=\toks47
)) (/nix/store/46ijisvi9d4k5mxjq6w1lhn9cb12a7v8-texlive-2025-env-texmfdist/tex/generic/pgf/frontendlayer/tikz/tikz.code.tex
Package: tikz 2023-01-15 v3.1.10 (3.1.10)
 (/nix/store/46ijisvi9d4k5mxjq6w1lhn9cb12a7v8-texlive-2025-env-texmfdist/tex/generic/pgf/libraries/pgflibraryplothandlers.code.tex
File: pgflibraryplothandlers.code.tex 2023-01-15 v3.1.10 (3.1.10)
\pgf@plot@mark@count=\count358
\pgfplotmarksize=\dimen306
)
\tikz@lastx=\dimen307
\tikz@lasty=\dimen308
\tikz@lastxsaved=\dimen309
\tikz@lastysaved=\dimen310
\tikz@lastmovetox=\dimen311
\tikz@lastmovetoy=\dimen312
\tikzleveldistance=\dimen313
\tikzsiblingdistance=\dimen314
\tikz@figbox=\box79
\tikz@figbox@bg=\box80
\tikz@tempbox=\box81
\tikz@tempbox@bg=\box82
\tikztreelevel=\count359
\tikznumberofchildren=\count360
\tikznumberofcurrentchild=\count361
\tikz@fig@count=\count362
 (/nix/store/46ijisvi9d4k5mxjq6w1lhn9cb12a7v8-texlive-2025-env-texmfdist/tex/generic/pgf/modules/pgfmodulematrix.code.tex
File: pgfmodulematrix.code.tex 2023-01-15 v3.1.10 (3.1.10)
\pgfmatrixcurrentrow=\count363
\pgfmatrixcurrentcolumn=\count364
\pgf@matrix@numberofcolumns=\count365
)
\tikz@expandcount=\count366
 (/nix/store/46ijisvi9d4k5mxjq6w1lhn9cb12a7v8-texlive-2025-env-texmfdist/tex/generic/pgf/frontendlayer/tikz/libraries/tikzlibrarytopaths.code.tex
File: tikzlibrarytopaths.code.tex 2023-01-15 v3.1.10 (3.1.10)
))) (/nix/store/46ijisvi9d4k5mxjq6w1lhn9cb12a7v8-texlive-2025-env-texmfdist/tex/latex/caladea/caladea.sty
Package: caladea 2022/09/30 (Bob Tennent) Supports Caladea fonts for LaTeX, pdfLaTeX, luaLaTeX and xeLaTeX.
 (/nix/store/46ijisvi9d4k5mxjq6w1lhn9cb12a7v8-texlive-2025-env-texmfdist/tex/generic/iftex/ifxetex.sty
Package: ifxetex 2019/10/25 v0.7 ifxetex legacy package. Use iftex instead.
) (/nix/store/46ijisvi9d4k5mxjq6w1lhn9cb12a7v8-texlive-2025-env-texmfdist/tex/generic/iftex/ifluatex.sty
Package: ifluatex 2019/10/25 v1.5 ifluatex legacy package. Use iftex instead.
) (/nix/store/46ijisvi9d4k5mxjq6w1lhn9cb12a7v8-texlive-2025-env-texmfdist/tex/latex/xkeyval/xkeyval.sty
Package: xkeyval 2022/06/16 v2.9 package option processing (HA)
 (/nix/store/46ijisvi9d4k5mxjq6w1lhn9cb12a7v8-texlive-2025-env-texmfdist/tex/generic/xkeyval/xkeyval.tex (/nix/store/46ijisvi9d4k5mxjq6w1lhn9cb12a7v8-texlive-2025-env-texmfdist/tex/generic/xkeyval/xkvutils.tex
\XKV@toks=\toks48
\XKV@tempa@toks=\toks49
)
\XKV@depth=\count367
File: xkeyval.tex 2014/12/03 v2.7a key=value parser (HA)
)) (/nix/store/46ijisvi9d4k5mxjq6w1lhn9cb12a7v8-texlive-2025-env-texmfdist/tex/latex/base/textcomp.sty
Package: textcomp 2024/04/24 v2.1b Standard LaTeX package
)) (/nix/store/46ijisvi9d4k5mxjq6w1lhn9cb12a7v8-texlive-2025-env-texmfdist/tex/latex/carlito/carlito.sty
Package: carlito 2022/10/05 (Bob Tennent) Supports Carlito fonts for LaTeX, pdfLaTeX, luaLaTeX and xeLaTeX.
 (/nix/store/46ijisvi9d4k5mxjq6w1lhn9cb12a7v8-texlive-2025-env-texmfdist/tex/latex/base/fontenc.sty
Package: fontenc 2024/12/21 v2.1c Standard LaTeX package
) (/nix/store/46ijisvi9d4k5mxjq6w1lhn9cb12a7v8-texlive-2025-env-texmfdist/tex/latex/fontaxes/fontaxes.sty
Package: fontaxes 2025-05-24 v2.0.1 Font selection axes (deprecated)
 (/nix/store/46ijisvi9d4k5mxjq6w1lhn9cb12a7v8-texlive-2025-env-texmfdist/tex/latex/figureversions/figureversions.sty
Package: figureversions 2025-04-29 v1.0.1 Figure versions
))) (./sintefcolor.sty
Package: sintefcolor 2021/03/04
))
(/nix/store/46ijisvi9d4k5mxjq6w1lhn9cb12a7v8-texlive-2025-env-texmfdist/tex/latex/base/inputenc.sty
Package: inputenc 2024/02/08 v1.3d Input encoding file
\inpenc@prehook=\toks50
\inpenc@posthook=\toks51
) (/nix/store/46ijisvi9d4k5mxjq6w1lhn9cb12a7v8-texlive-2025-env-texmfdist/tex/generic/babel/babel.sty
Package: babel 2025/06/10 v25.10 The multilingual framework for pdfLaTeX, LuaLaTeX and XeLaTeX
\babel@savecnt=\count368
LaTeX Encoding Info:    Redeclaring text command \ij (encoding OT1) on input line 2043.
LaTeX Encoding Info:    Redeclaring text command \IJ (encoding OT1) on input line 2045.
LaTeX Encoding Info:    Redeclaring text command \ij (encoding T1) on input line 2047.
LaTeX Encoding Info:    Redeclaring text command \IJ (encoding T1) on input line 2048.
LaTeX Encoding Info:    Ignoring declaration for text command \ij (encoding ?) on input line 2049.
LaTeX Encoding Info:    Ignoring declaration for text command \IJ (encoding ?) on input line 2051.
LaTeX Encoding Info:    Ignoring declaration for text command \SS (encoding ?) on input line 2076.
\U@D=\dimen315
\l@unhyphenated=\language90
 (/nix/store/46ijisvi9d4k5mxjq6w1lhn9cb12a7v8-texlive-2025-env-texmfdist/tex/generic/babel/txtbabel.def)
\bbl@readstream=\read3
LaTeX Info: Redefining \textlatin on input line 3887.
\bbl@dirlevel=\count369
 (/nix/store/46ijisvi9d4k5mxjq6w1lhn9cb12a7v8-texlive-2025-env-texmfdist/tex/generic/babel-english/english.ldf
Language: english 2017/06/06 v3.3r English support from the babel system
 (/nix/store/46ijisvi9d4k5mxjq6w1lhn9cb12a7v8-texlive-2025-env-texmfdist/tex/generic/babel/locale/en/babel-english.tex
Package babel Info: Importing font and identification data for english
(babel)             from babel-en.ini. Reported on input line 11.
)
Package babel Info: Hyphen rules for 'canadian' set to \l@english
(babel)             (\language0). Reported on input line 102.
Package babel Info: Hyphen rules for 'australian' set to \l@ukenglish
(babel)             (\language22). Reported on input line 105.
Package babel Info: Hyphen rules for 'newzealand' set to \l@ukenglish
(babel)             (\language22). Reported on input line 108.
)) (/nix/store/46ijisvi9d4k5mxjq6w1lhn9cb12a7v8-texlive-2025-env-texmfdist/tex/latex/booktabs/booktabs.sty
Package: booktabs 2020/01/12 v1.61803398 Publication quality tables
\heavyrulewidth=\dimen316
\lightrulewidth=\dimen317
\cmidrulewidth=\dimen318
\belowrulesep=\dimen319
\belowbottomsep=\dimen320
\aboverulesep=\dimen321
\abovetopsep=\dimen322
\cmidrulesep=\dimen323
\cmidrulekern=\dimen324
\defaultaddspace=\dimen325
\@cmidla=\count370
\@cmidlb=\count371
\@aboverulesep=\dimen326
\@belowrulesep=\dimen327
\@thisruleclass=\count372
\@lastruleclass=\count373
\@thisrulewidth=\dimen328
)
LaTeX Font Info:    Trying to load font information for OT1+Crlt-OsF on input line 30.
 (/nix/store/46ijisvi9d4k5mxjq6w1lhn9cb12a7v8-texlive-2025-env-texmfdist/tex/latex/carlito/OT1Crlt-OsF.fd
File: OT1Crlt-OsF.fd 2022/10/05 (autoinst) Font definitions for OT1/Crlt-OsF.
) (/nix/store/46ijisvi9d4k5mxjq6w1lhn9cb12a7v8-texlive-2025-env-texmfdist/tex/latex/l3backend/l3backend-pdftex.def
File: l3backend-pdftex.def 2025-06-09 L3 backend support: PDF output (pdfTeX)
\l__color_backend_stack_int=\count374
) (./Presentation.aux)
\openout1 = `Presentation.aux'.

LaTeX Font Info:    Checking defaults for OML/cmm/m/it on input line 30.
LaTeX Font Info:    ... okay on input line 30.
LaTeX Font Info:    Checking defaults for OMS/cmsy/m/n on input line 30.
LaTeX Font Info:    ... okay on input line 30.
LaTeX Font Info:    Checking defaults for OT1/cmr/m/n on input line 30.
LaTeX Font Info:    ... okay on input line 30.
LaTeX Font Info:    Checking defaults for T1/cmr/m/n on input line 30.
LaTeX Font Info:    ... okay on input line 30.
LaTeX Font Info:    Checking defaults for TS1/cmr/m/n on input line 30.
LaTeX Font Info:    ... okay on input line 30.
LaTeX Font Info:    Checking defaults for OMX/cmex/m/n on input line 30.
LaTeX Font Info:    ... okay on input line 30.
LaTeX Font Info:    Checking defaults for U/cmr/m/n on input line 30.
LaTeX Font Info:    ... okay on input line 30.
LaTeX Font Info:    Checking defaults for PD1/pdf/m/n on input line 30.
LaTeX Font Info:    ... okay on input line 30.
LaTeX Font Info:    Checking defaults for PU/pdf/m/n on input line 30.
LaTeX Font Info:    ... okay on input line 30.

*geometry* driver: auto-detecting
*geometry* detected driver: pdftex
*geometry* verbose mode - [ preamble ] result:
* driver: pdftex
* paper: custom
* layout: <same size as paper>
* layoutoffset:(h,v)=(0.0pt,0.0pt)
* modes: includehead includefoot 
* h-part:(L,W,R)=(28.45274pt, 398.3386pt, 28.45274pt)
* v-part:(T,H,B)=(0.0pt, 256.0748pt, 0.0pt)
* \paperwidth=455.24408pt
* \paperheight=256.0748pt
* \textwidth=398.3386pt
* \textheight=227.62207pt
* \oddsidemargin=-43.81725pt
* \evensidemargin=-43.81725pt
* \topmargin=-72.26999pt
* \headheight=14.22636pt
* \headsep=0.0pt
* \topskip=10.0pt
* \footskip=14.22636pt
* \marginparwidth=3.0pt
* \marginparsep=11.0pt
* \columnsep=10.0pt
* \skip\footins=9.0pt plus 4.0pt minus 2.0pt
* \hoffset=0.0pt
* \voffset=0.0pt
* \mag=1000
* \@twocolumnfalse
* \@twosidefalse
* \@mparswitchfalse
* \@reversemarginfalse
* (1in=72.27pt=25.4mm, 1cm=28.453pt)

(/nix/store/46ijisvi9d4k5mxjq6w1lhn9cb12a7v8-texlive-2025-env-texmfdist/tex/context/base/mkii/supp-pdf.mkii
[Loading MPS to PDF converter (version 2006.09.02).]
\scratchcounter=\count375
\scratchdimen=\dimen329
\scratchbox=\box83
\nofMPsegments=\count376
\nofMParguments=\count377
\everyMPshowfont=\toks52
\MPscratchCnt=\count378
\MPscratchDim=\dimen330
\MPnumerator=\count379
\makeMPintoPDFobject=\count380
\everyMPtoPDFconversion=\toks53
) (/nix/store/46ijisvi9d4k5mxjq6w1lhn9cb12a7v8-texlive-2025-env-texmfdist/tex/latex/epstopdf-pkg/epstopdf-base.sty
Package: epstopdf-base 2020-01-24 v2.11 Base part for package epstopdf
Package epstopdf-base Info: Redefining graphics rule for `.eps' on input line 485.
 (/nix/store/46ijisvi9d4k5mxjq6w1lhn9cb12a7v8-texlive-2025-env-texmfdist/tex/latex/latexconfig/epstopdf-sys.cfg
File: epstopdf-sys.cfg 2010/07/13 v1.3 Configuration of (r)epstopdf for TeX Live
))
Package hyperref Info: Link coloring OFF on input line 30.
 (./Presentation.out) (./Presentation.out)
\@outlinefile=\write5
\openout5 = `Presentation.out'.

LaTeX Font Info:    Overwriting symbol font `operators' in version `normal'
(Font)                  OT1/cmr/m/n --> OT1/cmss/m/n on input line 30.
LaTeX Font Info:    Overwriting symbol font `operators' in version `bold'
(Font)                  OT1/cmr/bx/n --> OT1/cmss/b/n on input line 30.
\symnumbers=\mathgroup6
\sympureletters=\mathgroup7
LaTeX Font Info:    Overwriting math alphabet `\mathrm' in version `normal'
(Font)                  OT1/cmss/m/n --> OT1/Caladea-TLF/m/n on input line 30.
LaTeX Font Info:    Redeclaring math alphabet \mathbf on input line 30.
LaTeX Font Info:    Overwriting math alphabet `\mathbf' in version `normal'
(Font)                  OT1/cmr/bx/n --> OT1/Crlt-OsF/b/n on input line 30.
LaTeX Font Info:    Overwriting math alphabet `\mathbf' in version `bold'
(Font)                  OT1/cmr/bx/n --> OT1/Crlt-OsF/b/n on input line 30.
LaTeX Font Info:    Redeclaring math alphabet \mathsf on input line 30.
LaTeX Font Info:    Overwriting math alphabet `\mathsf' in version `normal'
(Font)                  OT1/cmss/m/n --> OT1/Crlt-OsF/m/n on input line 30.
LaTeX Font Info:    Overwriting math alphabet `\mathsf' in version `bold'
(Font)                  OT1/cmss/bx/n --> OT1/Crlt-OsF/m/n on input line 30.
LaTeX Font Info:    Redeclaring math alphabet \mathit on input line 30.
LaTeX Font Info:    Overwriting math alphabet `\mathit' in version `normal'
(Font)                  OT1/cmr/m/it --> OT1/Crlt-OsF/m/it on input line 30.
LaTeX Font Info:    Overwriting math alphabet `\mathit' in version `bold'
(Font)                  OT1/cmr/bx/it --> OT1/Crlt-OsF/m/it on input line 30.
LaTeX Font Info:    Redeclaring math alphabet \mathtt on input line 30.
LaTeX Font Info:    Overwriting math alphabet `\mathtt' in version `normal'
(Font)                  OT1/cmtt/m/n --> OT1/cmtt/m/n on input line 30.
LaTeX Font Info:    Overwriting math alphabet `\mathtt' in version `bold'
(Font)                  OT1/cmtt/m/n --> OT1/cmtt/m/n on input line 30.
LaTeX Font Info:    Overwriting symbol font `numbers' in version `bold'
(Font)                  OT1/Crlt-OsF/m/n --> OT1/Crlt-OsF/b/n on input line 30.
LaTeX Font Info:    Overwriting symbol font `pureletters' in version `bold'
(Font)                  OT1/Crlt-OsF/m/it --> OT1/Crlt-OsF/b/it on input line 30.
LaTeX Font Info:    Overwriting math alphabet `\mathrm' in version `bold'
(Font)                  OT1/cmss/b/n --> OT1/Caladea-TLF/b/n on input line 30.
LaTeX Font Info:    Overwriting math alphabet `\mathbf' in version `bold'
(Font)                  OT1/Crlt-OsF/b/n --> OT1/Crlt-OsF/b/n on input line 30.
LaTeX Font Info:    Overwriting math alphabet `\mathsf' in version `bold'
(Font)                  OT1/Crlt-OsF/m/n --> OT1/Crlt-OsF/b/n on input line 30.
LaTeX Font Info:    Overwriting math alphabet `\mathit' in version `bold'
(Font)                  OT1/Crlt-OsF/m/it --> OT1/Crlt-OsF/b/it on input line 30.
LaTeX Font Info:    Overwriting math alphabet `\mathtt' in version `bold'
(Font)                  OT1/cmtt/m/n --> OT1/cmtt/b/n on input line 30.
 (/nix/store/46ijisvi9d4k5mxjq6w1lhn9cb12a7v8-texlive-2025-env-texmfdist/tex/latex/translator/translator-basic-dictionary-English.dict
Dictionary: translator-basic-dictionary, Language: English 
) (/nix/store/46ijisvi9d4k5mxjq6w1lhn9cb12a7v8-texlive-2025-env-texmfdist/tex/latex/translator/translator-bibliography-dictionary-English.dict
Dictionary: translator-bibliography-dictionary, Language: English 
) (/nix/store/46ijisvi9d4k5mxjq6w1lhn9cb12a7v8-texlive-2025-env-texmfdist/tex/latex/translator/translator-environment-dictionary-English.dict
Dictionary: translator-environment-dictionary, Language: English 
) (/nix/store/46ijisvi9d4k5mxjq6w1lhn9cb12a7v8-texlive-2025-env-texmfdist/tex/latex/translator/translator-months-dictionary-English.dict
Dictionary: translator-months-dictionary, Language: English 
) (/nix/store/46ijisvi9d4k5mxjq6w1lhn9cb12a7v8-texlive-2025-env-texmfdist/tex/latex/translator/translator-numbers-dictionary-English.dict
Dictionary: translator-numbers-dictionary, Language: English 
) (/nix/store/46ijisvi9d4k5mxjq6w1lhn9cb12a7v8-texlive-2025-env-texmfdist/tex/latex/translator/translator-theorem-dictionary-English.dict
Dictionary: translator-theorem-dictionary, Language: English 
)
\c@mv@tabular=\count381
\c@mv@boldtabular=\count382
 (./Presentation.nav)

[1

{/nix/store/qmzwff5xfj5p0939x57r6zdcwmns5hsa-texlive-2025-env/share/texmf-var/fonts/map/pdftex/updmap/pdftex.map}{/nix/store/46ijisvi9d4k5mxjq6w1lhn9cb12a7v8-texlive-2025-env-texmfdist/fonts/enc/dvips/carlito/crlt_zisnlb.enc}] (./Presentation.toc
LaTeX Font Info:    Trying to load font information for U+msa on input line 2.
 (/nix/store/46ijisvi9d4k5mxjq6w1lhn9cb12a7v8-texlive-2025-env-texmfdist/tex/latex/amsfonts/umsa.fd
File: umsa.fd 2013/01/14 v3.01 AMS symbols A
)
LaTeX Font Info:    Trying to load font information for U+msb on input line 2.
 (/nix/store/46ijisvi9d4k5mxjq6w1lhn9cb12a7v8-texlive-2025-env-texmfdist/tex/latex/amsfonts/umsb.fd
File: umsb.fd 2013/01/14 v3.01 AMS symbols B
))

[2

 <./assets/logo_RGB_negative.png>]
LaTeX Font Info:    Trying to load font information for TS1+Crlt-OsF on input line 54.
 (/nix/store/46ijisvi9d4k5mxjq6w1lhn9cb12a7v8-texlive-2025-env-texmfdist/tex/latex/carlito/TS1Crlt-OsF.fd
File: TS1Crlt-OsF.fd 2022/10/05 (autoinst) Font definitions for TS1/Crlt-OsF.
)

[3

{/nix/store/46ijisvi9d4k5mxjq6w1lhn9cb12a7v8-texlive-2025-env-texmfdist/fonts/enc/dvips/carlito/crlt_j4hweq.enc} <./assets/logo_RGB.png>]

[4

]

[5

] (./Presentation.toc)

[6

]

[7

]

[8

]

[9

]

[10

]

[11

]

[12

] (./Presentation.toc)

[13

]

[14

]

[15

]

[16

]

[17

] (./Presentation.toc)

[18

]

[19

]

[20

]

[21

]

[22

] (./Presentation.toc)

[23

]

[24

]

[25

]
LaTeX Font Info:    Font shape `OT1/Crlt-OsF/m/sl' in size <14.4> not available
(Font)              Font shape `OT1/Crlt-OsF/m/it' tried instead on input line 410.


[26

]
\tf@nav=\write6
\openout6 = `Presentation.nav'.

\tf@toc=\write7
\openout7 = `Presentation.toc'.

\tf@snm=\write8
\openout8 = `Presentation.snm'.

 (./Presentation.aux)
 ***********
LaTeX2e <2025-06-01> patch level 1
L3 programming layer <2025-06-09>
 ***********
Package rerunfilecheck Info: File `Presentation.out' has not changed.
(rerunfilecheck)             Checksum: 62A40B0519C12C9E93C12E67F0D535D6;574.
 ) 
Here is how much of TeX's memory you used:
 26722 strings out of 467890
 540707 string characters out of 5410143
 902382 words of memory out of 5000000
 54642 multiletter control sequences out of 15000+600000
 706532 words of font info for 110 fonts, out of 8000000 for 9000
 1141 hyphenation exceptions out of 8191
 128i,13n,123p,387b,671s stack positions out of 10000i,1000n,20000p,200000b,200000s
</nix/store/46ijisvi9d4k5mxjq6w1lhn9cb12a7v8-texlive-2025-env-texmfdist/fonts/type1/google/carlito/Crlt-Bold.pfb></nix/store/46ijisvi9d4k5mxjq6w1lhn9cb12a7v8-texlive-2025-env-texmfdist/fonts/type1/google/carlito/Crlt-BoldItalic.pfb></nix/store/46ijisvi9d4k5mxjq6w1lhn9cb12a7v8-texlive-2025-env-texmfdist/fonts/type1/google/carlito/Crlt-Italic.pfb></nix/store/46ijisvi9d4k5mxjq6w1lhn9cb12a7v8-texlive-2025-env-texmfdist/fonts/type1/google/carlito/Crlt-Regular.pfb></nix/store/46ijisvi9d4k5mxjq6w1lhn9cb12a7v8-texlive-2025-env-texmfdist/fonts/type1/public/amsfonts/cm/cmmi10.pfb></nix/store/46ijisvi9d4k5mxjq6w1lhn9cb12a7v8-texlive-2025-env-texmfdist/fonts/type1/public/amsfonts/cm/cmmi9.pfb></nix/store/46ijisvi9d4k5mxjq6w1lhn9cb12a7v8-texlive-2025-env-texmfdist/fonts/type1/public/amsfonts/cm/cmss10.pfb></nix/store/46ijisvi9d4k5mxjq6w1lhn9cb12a7v8-texlive-2025-env-texmfdist/fonts/type1/public/amsfonts/cm/cmss12.pfb></nix/store/46ijisvi9d4k5mxjq6w1lhn9cb12a7v8-texlive-2025-env-texmfdist/fonts/type1/public/amsfonts/cm/cmss8.pfb></nix/store/46ijisvi9d4k5mxjq6w1lhn9cb12a7v8-texlive-2025-env-texmfdist/fonts/type1/public/amsfonts/cm/cmss9.pfb></nix/store/46ijisvi9d4k5mxjq6w1lhn9cb12a7v8-texlive-2025-env-texmfdist/fonts/type1/public/amsfonts/cm/cmsy10.pfb></nix/store/46ijisvi9d4k5mxjq6w1lhn9cb12a7v8-texlive-2025-env-texmfdist/fonts/type1/public/amsfonts/cm/cmsy9.pfb></nix/store/46ijisvi9d4k5mxjq6w1lhn9cb12a7v8-texlive-2025-env-texmfdist/fonts/type1/public/amsfonts/cm/cmtt10.pfb></nix/store/46ijisvi9d4k5mxjq6w1lhn9cb12a7v8-texlive-2025-env-texmfdist/fonts/type1/public/amsfonts/cm/cmtt9.pfb></nix/store/46ijisvi9d4k5mxjq6w1lhn9cb12a7v8-texlive-2025-env-texmfdist/fonts/type1/public/amsfonts/symbols/msam10.pfb>
Output written on Presentation.pdf (26 pages, 1318525 bytes).
PDF statistics:
 303 PDF objects out of 1000 (max. 8388607)
 229 compressed objects within 3 object streams
 58 named destinations out of 1000 (max. 500000)
 99 words of extra memory for PDF output out of 10000 (max. 10000000)

