This is pdfTeX, Version 3.141592653-2.6-1.40.27 (TeX Live 2025/nixos.org) (preloaded format=pdflatex 1980.1.1)  6 SEP 2026 11:02
entering extended mode
 \write18 enabled.
 file:line:error style messages enabled.
 %&-line parsing enabled.
**report.tex
(./report.tex
LaTeX2e <2025-06-01> patch level 1
L3 programming layer <2025-06-09>
(/nix/store/46ijisvi9d4k5mxjq6w1lhn9cb12a7v8-texlive-2025-env-texmfdist/tex/latex/base/article.cls
Document Class: article 2025/01/22 v1.4n Standard LaTeX document class
(/nix/store/46ijisvi9d4k5mxjq6w1lhn9cb12a7v8-texlive-2025-env-texmfdist/tex/latex/base/size10.clo
File: size10.clo 2025/01/22 v1.4n Standard LaTeX file (size option)
)
\c@part=\count275
\c@section=\count276
\c@subsection=\count277
\c@subsubsection=\count278
\c@paragraph=\count279
\c@subparagraph=\count280
\c@figure=\count281
\c@table=\count282
\abovecaptionskip=\skip49
\belowcaptionskip=\skip50
\bibindent=\dimen148
) (/nix/store/46ijisvi9d4k5mxjq6w1lhn9cb12a7v8-texlive-2025-env-texmfdist/tex/latex/base/fontenc.sty
Package: fontenc 2024/12/21 v2.1c Standard LaTeX package
) (/nix/store/46ijisvi9d4k5mxjq6w1lhn9cb12a7v8-texlive-2025-env-texmfdist/tex/latex/base/inputenc.sty
Package: inputenc 2024/02/08 v1.3d Input encoding file
\inpenc@prehook=\toks17
\inpenc@posthook=\toks18
) (/nix/store/46ijisvi9d4k5mxjq6w1lhn9cb12a7v8-texlive-2025-env-texmfdist/tex/generic/babel/babel.sty
Package: babel 2025/06/10 v25.10 The multilingual framework for pdfLaTeX, LuaLaTeX and XeLaTeX
\babel@savecnt=\count283
LaTeX Encoding Info:    Redeclaring text command \ij (encoding OT1) on input line 2043.
LaTeX Encoding Info:    Redeclaring text command \IJ (encoding OT1) on input line 2045.
LaTeX Encoding Info:    Redeclaring text command \ij (encoding T1) on input line 2047.
LaTeX Encoding Info:    Redeclaring text command \IJ (encoding T1) on input line 2048.
LaTeX Encoding Info:    Ignoring declaration for text command \ij (encoding ?) on input line 2049.
LaTeX Encoding Info:    Ignoring declaration for text command \IJ (encoding ?) on input line 2051.
LaTeX Encoding Info:    Ignoring declaration for text command \SS (encoding ?) on input line 2076.
\U@D=\dimen149
\l@unhyphenated=\language90
 (/nix/store/46ijisvi9d4k5mxjq6w1lhn9cb12a7v8-texlive-2025-env-texmfdist/tex/generic/babel/txtbabel.def)
\bbl@readstream=\read2
\bbl@dirlevel=\count284
 (/nix/store/46ijisvi9d4k5mxjq6w1lhn9cb12a7v8-texlive-2025-env-texmfdist/tex/generic/babel-english/english.ldf
Language: english 2017/06/06 v3.3r English support from the babel system
 (/nix/store/46ijisvi9d4k5mxjq6w1lhn9cb12a7v8-texlive-2025-env-texmfdist/tex/generic/babel/locale/en/babel-english.tex
Package babel Info: Importing font and identification data for english
(babel)             from babel-en.ini. Reported on input line 11.
)
Package babel Info: Hyphen rules for 'canadian' set to \l@english
(babel)             (\language0). Reported on input line 102.
Package babel Info: Hyphen rules for 'australian' set to \l@ukenglish
(babel)             (\language22). Reported on input line 105.
Package babel Info: Hyphen rules for 'newzealand' set to \l@ukenglish
(babel)             (\language22). Reported on input line 108.
)) (/nix/store/46ijisvi9d4k5mxjq6w1lhn9cb12a7v8-texlive-2025-env-texmfdist/tex/latex/geometry/geometry.sty
Package: geometry 2020/01/02 v5.9 Page Geometry
 (/nix/store/46ijisvi9d4k5mxjq6w1lhn9cb12a7v8-texlive-2025-env-texmfdist/tex/latex/graphics/keyval.sty
Package: keyval 2022/05/29 v1.15 key=value parser (DPC)
\KV@toks@=\toks19
) (/nix/store/46ijisvi9d4k5mxjq6w1lhn9cb12a7v8-texlive-2025-env-texmfdist/tex/generic/iftex/ifvtex.sty
Package: ifvtex 2019/10/25 v1.7 ifvtex legacy package. Use iftex instead.
 (/nix/store/46ijisvi9d4k5mxjq6w1lhn9cb12a7v8-texlive-2025-env-texmfdist/tex/generic/iftex/iftex.sty
Package: iftex 2024/12/12 v1.0g TeX engine tests
))
\Gm@cnth=\count285
\Gm@cntv=\count286
\c@Gm@tempcnt=\count287
\Gm@bindingoffset=\dimen150
\Gm@wd@mp=\dimen151
\Gm@odd@mp=\dimen152
\Gm@even@mp=\dimen153
\Gm@layoutwidth=\dimen154
\Gm@layoutheight=\dimen155
\Gm@layouthoffset=\dimen156
\Gm@layoutvoffset=\dimen157
\Gm@dimlist=\toks20
) (/nix/store/46ijisvi9d4k5mxjq6w1lhn9cb12a7v8-texlive-2025-env-texmfdist/tex/latex/amsmath/amsmath.sty
Package: amsmath 2025/06/16 v2.17y AMS math features
\@mathmargin=\skip51

For additional information on amsmath, use the `?' option.
(/nix/store/46ijisvi9d4k5mxjq6w1lhn9cb12a7v8-texlive-2025-env-texmfdist/tex/latex/amsmath/amstext.sty
Package: amstext 2024/11/17 v2.01 AMS text
 (/nix/store/46ijisvi9d4k5mxjq6w1lhn9cb12a7v8-texlive-2025-env-texmfdist/tex/latex/amsmath/amsgen.sty
File: amsgen.sty 1999/11/30 v2.0 generic functions
\@emptytoks=\toks21
\ex@=\dimen158
)) (/nix/store/46ijisvi9d4k5mxjq6w1lhn9cb12a7v8-texlive-2025-env-texmfdist/tex/latex/amsmath/amsbsy.sty
Package: amsbsy 1999/11/29 v1.2d Bold Symbols
\pmbraise@=\dimen159
) (/nix/store/46ijisvi9d4k5mxjq6w1lhn9cb12a7v8-texlive-2025-env-texmfdist/tex/latex/amsmath/amsopn.sty
Package: amsopn 2022/04/08 v2.04 operator names
)
\inf@bad=\count288
LaTeX Info: Redefining \frac on input line 233.
\uproot@=\count289
\leftroot@=\count290
LaTeX Info: Redefining \overline on input line 398.
LaTeX Info: Redefining \colon on input line 409.
\classnum@=\count291
\DOTSCASE@=\count292
LaTeX Info: Redefining \ldots on input line 495.
LaTeX Info: Redefining \dots on input line 498.
LaTeX Info: Redefining \cdots on input line 619.
\Mathstrutbox@=\box53
\strutbox@=\box54
LaTeX Info: Redefining \big on input line 721.
LaTeX Info: Redefining \Big on input line 722.
LaTeX Info: Redefining \bigg on input line 723.
LaTeX Info: Redefining \Bigg on input line 724.
\big@size=\dimen160
LaTeX Font Info:    Redeclaring font encoding OML on input line 742.
LaTeX Font Info:    Redeclaring font encoding OMS on input line 743.
\macc@depth=\count293
LaTeX Info: Redefining \bmod on input line 904.
LaTeX Info: Redefining \pmod on input line 909.
LaTeX Info: Redefining \smash on input line 939.
LaTeX Info: Redefining \relbar on input line 969.
LaTeX Info: Redefining \Relbar on input line 970.
\c@MaxMatrixCols=\count294
\dotsspace@=\muskip17
\c@parentequation=\count295
\dspbrk@lvl=\count296
\tag@help=\toks22
\row@=\count297
\column@=\count298
\maxfields@=\count299
\andhelp@=\toks23
\eqnshift@=\dimen161
\alignsep@=\dimen162
\tagshift@=\dimen163
\tagwidth@=\dimen164
\totwidth@=\dimen165
\lineht@=\dimen166
\@envbody=\toks24
\multlinegap=\skip52
\multlinetaggap=\skip53
\mathdisplay@stack=\toks25
LaTeX Info: Redefining \[ on input line 2949.
LaTeX Info: Redefining \] on input line 2950.
) (/nix/store/46ijisvi9d4k5mxjq6w1lhn9cb12a7v8-texlive-2025-env-texmfdist/tex/latex/amsfonts/amssymb.sty
Package: amssymb 2013/01/14 v3.01 AMS font symbols
 (/nix/store/46ijisvi9d4k5mxjq6w1lhn9cb12a7v8-texlive-2025-env-texmfdist/tex/latex/amsfonts/amsfonts.sty
Package: amsfonts 2013/01/14 v3.01 Basic AMSFonts support
\symAMSa=\mathgroup4
\symAMSb=\mathgroup5
LaTeX Font Info:    Redeclaring math symbol \hbar on input line 98.
LaTeX Font Info:    Overwriting math alphabet `\mathfrak' in version `bold'
(Font)                  U/euf/m/n --> U/euf/b/n on input line 106.
)) (/nix/store/46ijisvi9d4k5mxjq6w1lhn9cb12a7v8-texlive-2025-env-texmfdist/tex/latex/graphics/graphicx.sty
Package: graphicx 2024/12/31 v1.2e Enhanced LaTeX Graphics (DPC,SPQR)
 (/nix/store/46ijisvi9d4k5mxjq6w1lhn9cb12a7v8-texlive-2025-env-texmfdist/tex/latex/graphics/graphics.sty
Package: graphics 2024/08/06 v1.4g Standard LaTeX Graphics (DPC,SPQR)
 (/nix/store/46ijisvi9d4k5mxjq6w1lhn9cb12a7v8-texlive-2025-env-texmfdist/tex/latex/graphics/trig.sty
Package: trig 2023/12/02 v1.11 sin cos tan (DPC)
) (/nix/store/46ijisvi9d4k5mxjq6w1lhn9cb12a7v8-texlive-2025-env-texmfdist/tex/latex/graphics-cfg/graphics.cfg
File: graphics.cfg 2016/06/04 v1.11 sample graphics configuration
)
Package graphics Info: Driver file: pdftex.def on input line 106.
 (/nix/store/46ijisvi9d4k5mxjq6w1lhn9cb12a7v8-texlive-2025-env-texmfdist/tex/latex/graphics-def/pdftex.def
File: pdftex.def 2024/04/13 v1.2c Graphics/color driver for pdftex
))
\Gin@req@height=\dimen167
\Gin@req@width=\dimen168
) (/nix/store/46ijisvi9d4k5mxjq6w1lhn9cb12a7v8-texlive-2025-env-texmfdist/tex/latex/booktabs/booktabs.sty
Package: booktabs 2020/01/12 v1.61803398 Publication quality tables
\heavyrulewidth=\dimen169
\lightrulewidth=\dimen170
\cmidrulewidth=\dimen171
\belowrulesep=\dimen172
\belowbottomsep=\dimen173
\aboverulesep=\dimen174
\abovetopsep=\dimen175
\cmidrulesep=\dimen176
\cmidrulekern=\dimen177
\defaultaddspace=\dimen178
\@cmidla=\count300
\@cmidlb=\count301
\@aboverulesep=\dimen179
\@belowrulesep=\dimen180
\@thisruleclass=\count302
\@lastruleclass=\count303
\@thisrulewidth=\dimen181
) (/nix/store/46ijisvi9d4k5mxjq6w1lhn9cb12a7v8-texlive-2025-env-texmfdist/tex/latex/tools/array.sty
Package: array 2025/06/08 v2.6j Tabular extension package (FMi)
\col@sep=\dimen182
\ar@mcellbox=\box55
\extrarowheight=\dimen183
\NC@list=\toks26
\extratabsurround=\skip54
\backup@length=\skip55
\ar@cellbox=\box56
) (/nix/store/46ijisvi9d4k5mxjq6w1lhn9cb12a7v8-texlive-2025-env-texmfdist/tex/latex/enumitem/enumitem.sty
Package: enumitem 2025/02/06 v3.11 Customized lists
\labelindent=\skip56
\enit@outerparindent=\dimen184
\enit@toks=\toks27
\enit@inbox=\box57
\enit@count@id=\count304
\enitdp@description=\count305
) (/nix/store/46ijisvi9d4k5mxjq6w1lhn9cb12a7v8-texlive-2025-env-texmfdist/tex/latex/microtype/microtype.sty
Package: microtype 2025/02/11 v3.2a Micro-typographical refinements (RS)
 (/nix/store/46ijisvi9d4k5mxjq6w1lhn9cb12a7v8-texlive-2025-env-texmfdist/tex/latex/etoolbox/etoolbox.sty
Package: etoolbox 2025/02/11 v2.5l e-TeX tools for LaTeX (JAW)
\etb@tempcnta=\count306
)
\MT@toks=\toks28
\MT@tempbox=\box58
\MT@count=\count307
LaTeX Info: Redefining \noprotrusionifhmode on input line 1087.
LaTeX Info: Redefining \leftprotrusion on input line 1088.
\MT@prot@toks=\toks29
LaTeX Info: Redefining \rightprotrusion on input line 1107.
LaTeX Info: Redefining \textls on input line 1449.
\MT@outer@kern=\dimen185
LaTeX Info: Redefining \microtypecontext on input line 2053.
LaTeX Info: Redefining \textmicrotypecontext on input line 2070.
\MT@listname@count=\count308
 (/nix/store/46ijisvi9d4k5mxjq6w1lhn9cb12a7v8-texlive-2025-env-texmfdist/tex/latex/microtype/microtype-pdftex.def
File: microtype-pdftex.def 2025/02/11 v3.2a Definitions specific to pdftex (RS)
LaTeX Info: Redefining \lsstyle on input line 944.
LaTeX Info: Redefining \lslig on input line 944.
\MT@outer@space=\skip57
)
Package microtype Info: Loading configuration file microtype.cfg.
 (/nix/store/46ijisvi9d4k5mxjq6w1lhn9cb12a7v8-texlive-2025-env-texmfdist/tex/latex/microtype/microtype.cfg
File: microtype.cfg 2025/02/11 v3.2a microtype main configuration file (RS)
)
LaTeX Info: Redefining \microtypesetup on input line 3065.
) (/nix/store/46ijisvi9d4k5mxjq6w1lhn9cb12a7v8-texlive-2025-env-texmfdist/tex/latex/xcolor/xcolor.sty
Package: xcolor 2024/09/29 v3.02 LaTeX color extensions (UK)

(/nix/store/46ijisvi9d4k5mxjq6w1lhn9cb12a7v8-texlive-2025-env-texmfdist/tex/latex/graphics-cfg/color.cfg
File: color.cfg 2016/01/02 v1.6 sample color configuration
)
Package xcolor Info: Driver file: pdftex.def on input line 274.
 (/nix/store/46ijisvi9d4k5mxjq6w1lhn9cb12a7v8-texlive-2025-env-texmfdist/tex/latex/graphics/mathcolor.ltx)
Package xcolor Info: Model `cmy' substituted by `cmy0' on input line 1349.
Package xcolor Info: Model `hsb' substituted by `rgb' on input line 1353.
Package xcolor Info: Model `RGB' extended on input line 1365.
Package xcolor Info: Model `HTML' substituted by `rgb' on input line 1367.
Package xcolor Info: Model `Hsb' substituted by `hsb' on input line 1368.
Package xcolor Info: Model `tHsb' substituted by `hsb' on input line 1369.
Package xcolor Info: Model `HSB' substituted by `hsb' on input line 1370.
Package xcolor Info: Model `Gray' substituted by `gray' on input line 1371.
Package xcolor Info: Model `wave' substituted by `hsb' on input line 1372.
) (/nix/store/46ijisvi9d4k5mxjq6w1lhn9cb12a7v8-texlive-2025-env-texmfdist/tex/latex/listings/listings.sty
\lst@mode=\count309
\lst@gtempboxa=\box59
\lst@token=\toks30
\lst@length=\count310
\lst@currlwidth=\dimen186
\lst@column=\count311
\lst@pos=\count312
\lst@lostspace=\dimen187
\lst@width=\dimen188
\lst@newlines=\count313
\lst@lineno=\count314
\lst@maxwidth=\dimen189
 (/nix/store/46ijisvi9d4k5mxjq6w1lhn9cb12a7v8-texlive-2025-env-texmfdist/tex/latex/listings/lstpatch.sty
File: lstpatch.sty 2024/09/23 1.10c (Carsten Heinz)
) (/nix/store/46ijisvi9d4k5mxjq6w1lhn9cb12a7v8-texlive-2025-env-texmfdist/tex/latex/listings/lstmisc.sty
File: lstmisc.sty 2024/09/23 1.10c (Carsten Heinz)
\c@lstnumber=\count315
\lst@skipnumbers=\count316
\lst@framebox=\box60
) (/nix/store/46ijisvi9d4k5mxjq6w1lhn9cb12a7v8-texlive-2025-env-texmfdist/tex/latex/listings/listings.cfg
File: listings.cfg 2024/09/23 1.10c listings configuration
))
Package: listings 2024/09/23 1.10c (Carsten Heinz)
 (/nix/store/46ijisvi9d4k5mxjq6w1lhn9cb12a7v8-texlive-2025-env-texmfdist/tex/latex/tcolorbox/tcolorbox.sty
Package: tcolorbox 2025/06/04 version 6.6.0 text color boxes
 (/nix/store/46ijisvi9d4k5mxjq6w1lhn9cb12a7v8-texlive-2025-env-texmfdist/tex/latex/pgf/frontendlayer/tikz.sty (/nix/store/46ijisvi9d4k5mxjq6w1lhn9cb12a7v8-texlive-2025-env-texmfdist/tex/latex/pgf/basiclayer/pgf.sty (/nix/store/46ijisvi9d4k5mxjq6w1lhn9cb12a7v8-texlive-2025-env-texmfdist/tex/latex/pgf/utilities/pgfrcs.sty (/nix/store/46ijisvi9d4k5mxjq6w1lhn9cb12a7v8-texlive-2025-env-texmfdist/tex/generic/pgf/utilities/pgfutil-common.tex
\pgfutil@everybye=\toks31
\pgfutil@tempdima=\dimen190
\pgfutil@tempdimb=\dimen191
) (/nix/store/46ijisvi9d4k5mxjq6w1lhn9cb12a7v8-texlive-2025-env-texmfdist/tex/generic/pgf/utilities/pgfutil-latex.def
\pgfutil@abb=\box61
) (/nix/store/46ijisvi9d4k5mxjq6w1lhn9cb12a7v8-texlive-2025-env-texmfdist/tex/generic/pgf/utilities/pgfrcs.code.tex (/nix/store/46ijisvi9d4k5mxjq6w1lhn9cb12a7v8-texlive-2025-env-texmfdist/tex/generic/pgf/pgf.revision.tex)
Package: pgfrcs 2023-01-15 v3.1.10 (3.1.10)
))
Package: pgf 2023-01-15 v3.1.10 (3.1.10)
 (/nix/store/46ijisvi9d4k5mxjq6w1lhn9cb12a7v8-texlive-2025-env-texmfdist/tex/latex/pgf/basiclayer/pgfcore.sty (/nix/store/46ijisvi9d4k5mxjq6w1lhn9cb12a7v8-texlive-2025-env-texmfdist/tex/latex/pgf/systemlayer/pgfsys.sty (/nix/store/46ijisvi9d4k5mxjq6w1lhn9cb12a7v8-texlive-2025-env-texmfdist/tex/generic/pgf/systemlayer/pgfsys.code.tex
Package: pgfsys 2023-01-15 v3.1.10 (3.1.10)
 (/nix/store/46ijisvi9d4k5mxjq6w1lhn9cb12a7v8-texlive-2025-env-texmfdist/tex/generic/pgf/utilities/pgfkeys.code.tex
\pgfkeys@pathtoks=\toks32
\pgfkeys@temptoks=\toks33

(/nix/store/46ijisvi9d4k5mxjq6w1lhn9cb12a7v8-texlive-2025-env-texmfdist/tex/generic/pgf/utilities/pgfkeyslibraryfiltered.code.tex
\pgfkeys@tmptoks=\toks34
))
\pgf@x=\dimen192
\pgf@y=\dimen193
\pgf@xa=\dimen194
\pgf@ya=\dimen195
\pgf@xb=\dimen196
\pgf@yb=\dimen197
\pgf@xc=\dimen198
\pgf@yc=\dimen199
\pgf@xd=\dimen256
\pgf@yd=\dimen257
\w@pgf@writea=\write3
\r@pgf@reada=\read3
\c@pgf@counta=\count317
\c@pgf@countb=\count318
\c@pgf@countc=\count319
\c@pgf@countd=\count320
\t@pgf@toka=\toks35
\t@pgf@tokb=\toks36
\t@pgf@tokc=\toks37
\pgf@sys@id@count=\count321
 (/nix/store/46ijisvi9d4k5mxjq6w1lhn9cb12a7v8-texlive-2025-env-texmfdist/tex/generic/pgf/systemlayer/pgf.cfg
File: pgf.cfg 2023-01-15 v3.1.10 (3.1.10)
)
Driver file for pgf: pgfsys-pdftex.def
 (/nix/store/46ijisvi9d4k5mxjq6w1lhn9cb12a7v8-texlive-2025-env-texmfdist/tex/generic/pgf/systemlayer/pgfsys-pdftex.def
File: pgfsys-pdftex.def 2023-01-15 v3.1.10 (3.1.10)
 (/nix/store/46ijisvi9d4k5mxjq6w1lhn9cb12a7v8-texlive-2025-env-texmfdist/tex/generic/pgf/systemlayer/pgfsys-common-pdf.def
File: pgfsys-common-pdf.def 2023-01-15 v3.1.10 (3.1.10)
))) (/nix/store/46ijisvi9d4k5mxjq6w1lhn9cb12a7v8-texlive-2025-env-texmfdist/tex/generic/pgf/systemlayer/pgfsyssoftpath.code.tex
File: pgfsyssoftpath.code.tex 2023-01-15 v3.1.10 (3.1.10)
\pgfsyssoftpath@smallbuffer@items=\count322
\pgfsyssoftpath@bigbuffer@items=\count323
) (/nix/store/46ijisvi9d4k5mxjq6w1lhn9cb12a7v8-texlive-2025-env-texmfdist/tex/generic/pgf/systemlayer/pgfsysprotocol.code.tex
File: pgfsysprotocol.code.tex 2023-01-15 v3.1.10 (3.1.10)
)) (/nix/store/46ijisvi9d4k5mxjq6w1lhn9cb12a7v8-texlive-2025-env-texmfdist/tex/generic/pgf/basiclayer/pgfcore.code.tex
Package: pgfcore 2023-01-15 v3.1.10 (3.1.10)
 (/nix/store/46ijisvi9d4k5mxjq6w1lhn9cb12a7v8-texlive-2025-env-texmfdist/tex/generic/pgf/math/pgfmath.code.tex (/nix/store/46ijisvi9d4k5mxjq6w1lhn9cb12a7v8-texlive-2025-env-texmfdist/tex/generic/pgf/math/pgfmathutil.code.tex) (/nix/store/46ijisvi9d4k5mxjq6w1lhn9cb12a7v8-texlive-2025-env-texmfdist/tex/generic/pgf/math/pgfmathparser.code.tex
\pgfmath@dimen=\dimen258
\pgfmath@count=\count324
\pgfmath@box=\box62
\pgfmath@toks=\toks38
\pgfmath@stack@operand=\toks39
\pgfmath@stack@operation=\toks40
) (/nix/store/46ijisvi9d4k5mxjq6w1lhn9cb12a7v8-texlive-2025-env-texmfdist/tex/generic/pgf/math/pgfmathfunctions.code.tex) (/nix/store/46ijisvi9d4k5mxjq6w1lhn9cb12a7v8-texlive-2025-env-texmfdist/tex/generic/pgf/math/pgfmathfunctions.basic.code.tex) (/nix/store/46ijisvi9d4k5mxjq6w1lhn9cb12a7v8-texlive-2025-env-texmfdist/tex/generic/pgf/math/pgfmathfunctions.trigonometric.code.tex) (/nix/store/46ijisvi9d4k5mxjq6w1lhn9cb12a7v8-texlive-2025-env-texmfdist/tex/generic/pgf/math/pgfmathfunctions.random.code.tex) (/nix/store/46ijisvi9d4k5mxjq6w1lhn9cb12a7v8-texlive-2025-env-texmfdist/tex/generic/pgf/math/pgfmathfunctions.comparison.code.tex) (/nix/store/46ijisvi9d4k5mxjq6w1lhn9cb12a7v8-texlive-2025-env-texmfdist/tex/generic/pgf/math/pgfmathfunctions.base.code.tex)
(/nix/store/46ijisvi9d4k5mxjq6w1lhn9cb12a7v8-texlive-2025-env-texmfdist/tex/generic/pgf/math/pgfmathfunctions.round.code.tex) (/nix/store/46ijisvi9d4k5mxjq6w1lhn9cb12a7v8-texlive-2025-env-texmfdist/tex/generic/pgf/math/pgfmathfunctions.misc.code.tex) (/nix/store/46ijisvi9d4k5mxjq6w1lhn9cb12a7v8-texlive-2025-env-texmfdist/tex/generic/pgf/math/pgfmathfunctions.integerarithmetics.code.tex) (/nix/store/46ijisvi9d4k5mxjq6w1lhn9cb12a7v8-texlive-2025-env-texmfdist/tex/generic/pgf/math/pgfmathcalc.code.tex) (/nix/store/46ijisvi9d4k5mxjq6w1lhn9cb12a7v8-texlive-2025-env-texmfdist/tex/generic/pgf/math/pgfmathfloat.code.tex
\c@pgfmathroundto@lastzeros=\count325
)) (/nix/store/46ijisvi9d4k5mxjq6w1lhn9cb12a7v8-texlive-2025-env-texmfdist/tex/generic/pgf/math/pgfint.code.tex) (/nix/store/46ijisvi9d4k5mxjq6w1lhn9cb12a7v8-texlive-2025-env-texmfdist/tex/generic/pgf/basiclayer/pgfcorepoints.code.tex
File: pgfcorepoints.code.tex 2023-01-15 v3.1.10 (3.1.10)
\pgf@picminx=\dimen259
\pgf@picmaxx=\dimen260
\pgf@picminy=\dimen261
\pgf@picmaxy=\dimen262
\pgf@pathminx=\dimen263
\pgf@pathmaxx=\dimen264
\pgf@pathminy=\dimen265
\pgf@pathmaxy=\dimen266
\pgf@xx=\dimen267
\pgf@xy=\dimen268
\pgf@yx=\dimen269
\pgf@yy=\dimen270
\pgf@zx=\dimen271
\pgf@zy=\dimen272
) (/nix/store/46ijisvi9d4k5mxjq6w1lhn9cb12a7v8-texlive-2025-env-texmfdist/tex/generic/pgf/basiclayer/pgfcorepathconstruct.code.tex
File: pgfcorepathconstruct.code.tex 2023-01-15 v3.1.10 (3.1.10)
\pgf@path@lastx=\dimen273
\pgf@path@lasty=\dimen274
) (/nix/store/46ijisvi9d4k5mxjq6w1lhn9cb12a7v8-texlive-2025-env-texmfdist/tex/generic/pgf/basiclayer/pgfcorepathusage.code.tex
File: pgfcorepathusage.code.tex 2023-01-15 v3.1.10 (3.1.10)
\pgf@shorten@end@additional=\dimen275
\pgf@shorten@start@additional=\dimen276
) (/nix/store/46ijisvi9d4k5mxjq6w1lhn9cb12a7v8-texlive-2025-env-texmfdist/tex/generic/pgf/basiclayer/pgfcorescopes.code.tex
File: pgfcorescopes.code.tex 2023-01-15 v3.1.10 (3.1.10)
\pgfpic=\box63
\pgf@hbox=\box64
\pgf@layerbox@main=\box65
\pgf@picture@serial@count=\count326
) (/nix/store/46ijisvi9d4k5mxjq6w1lhn9cb12a7v8-texlive-2025-env-texmfdist/tex/generic/pgf/basiclayer/pgfcoregraphicstate.code.tex
File: pgfcoregraphicstate.code.tex 2023-01-15 v3.1.10 (3.1.10)
\pgflinewidth=\dimen277
) (/nix/store/46ijisvi9d4k5mxjq6w1lhn9cb12a7v8-texlive-2025-env-texmfdist/tex/generic/pgf/basiclayer/pgfcoretransformations.code.tex
File: pgfcoretransformations.code.tex 2023-01-15 v3.1.10 (3.1.10)
\pgf@pt@x=\dimen278
\pgf@pt@y=\dimen279
\pgf@pt@temp=\dimen280
) (/nix/store/46ijisvi9d4k5mxjq6w1lhn9cb12a7v8-texlive-2025-env-texmfdist/tex/generic/pgf/basiclayer/pgfcorequick.code.tex
File: pgfcorequick.code.tex 2023-01-15 v3.1.10 (3.1.10)
) (/nix/store/46ijisvi9d4k5mxjq6w1lhn9cb12a7v8-texlive-2025-env-texmfdist/tex/generic/pgf/basiclayer/pgfcoreobjects.code.tex
File: pgfcoreobjects.code.tex 2023-01-15 v3.1.10 (3.1.10)
) (/nix/store/46ijisvi9d4k5mxjq6w1lhn9cb12a7v8-texlive-2025-env-texmfdist/tex/generic/pgf/basiclayer/pgfcorepathprocessing.code.tex
File: pgfcorepathprocessing.code.tex 2023-01-15 v3.1.10 (3.1.10)
) (/nix/store/46ijisvi9d4k5mxjq6w1lhn9cb12a7v8-texlive-2025-env-texmfdist/tex/generic/pgf/basiclayer/pgfcorearrows.code.tex
File: pgfcorearrows.code.tex 2023-01-15 v3.1.10 (3.1.10)
\pgfarrowsep=\dimen281
)
(/nix/store/46ijisvi9d4k5mxjq6w1lhn9cb12a7v8-texlive-2025-env-texmfdist/tex/generic/pgf/basiclayer/pgfcoreshade.code.tex
File: pgfcoreshade.code.tex 2023-01-15 v3.1.10 (3.1.10)
\pgf@max=\dimen282
\pgf@sys@shading@range@num=\count327
\pgf@shadingcount=\count328
) (/nix/store/46ijisvi9d4k5mxjq6w1lhn9cb12a7v8-texlive-2025-env-texmfdist/tex/generic/pgf/basiclayer/pgfcoreimage.code.tex
File: pgfcoreimage.code.tex 2023-01-15 v3.1.10 (3.1.10)
) (/nix/store/46ijisvi9d4k5mxjq6w1lhn9cb12a7v8-texlive-2025-env-texmfdist/tex/generic/pgf/basiclayer/pgfcoreexternal.code.tex
File: pgfcoreexternal.code.tex 2023-01-15 v3.1.10 (3.1.10)
\pgfexternal@startupbox=\box66
) (/nix/store/46ijisvi9d4k5mxjq6w1lhn9cb12a7v8-texlive-2025-env-texmfdist/tex/generic/pgf/basiclayer/pgfcorelayers.code.tex
File: pgfcorelayers.code.tex 2023-01-15 v3.1.10 (3.1.10)
) (/nix/store/46ijisvi9d4k5mxjq6w1lhn9cb12a7v8-texlive-2025-env-texmfdist/tex/generic/pgf/basiclayer/pgfcoretransparency.code.tex
File: pgfcoretransparency.code.tex 2023-01-15 v3.1.10 (3.1.10)
) (/nix/store/46ijisvi9d4k5mxjq6w1lhn9cb12a7v8-texlive-2025-env-texmfdist/tex/generic/pgf/basiclayer/pgfcorepatterns.code.tex
File: pgfcorepatterns.code.tex 2023-01-15 v3.1.10 (3.1.10)
) (/nix/store/46ijisvi9d4k5mxjq6w1lhn9cb12a7v8-texlive-2025-env-texmfdist/tex/generic/pgf/basiclayer/pgfcorerdf.code.tex
File: pgfcorerdf.code.tex 2023-01-15 v3.1.10 (3.1.10)
))) (/nix/store/46ijisvi9d4k5mxjq6w1lhn9cb12a7v8-texlive-2025-env-texmfdist/tex/generic/pgf/modules/pgfmoduleshapes.code.tex
File: pgfmoduleshapes.code.tex 2023-01-15 v3.1.10 (3.1.10)
\pgfnodeparttextbox=\box67
) (/nix/store/46ijisvi9d4k5mxjq6w1lhn9cb12a7v8-texlive-2025-env-texmfdist/tex/generic/pgf/modules/pgfmoduleplot.code.tex
File: pgfmoduleplot.code.tex 2023-01-15 v3.1.10 (3.1.10)
) (/nix/store/46ijisvi9d4k5mxjq6w1lhn9cb12a7v8-texlive-2025-env-texmfdist/tex/latex/pgf/compatibility/pgfcomp-version-0-65.sty
Package: pgfcomp-version-0-65 2023-01-15 v3.1.10 (3.1.10)
\pgf@nodesepstart=\dimen283
\pgf@nodesepend=\dimen284
) (/nix/store/46ijisvi9d4k5mxjq6w1lhn9cb12a7v8-texlive-2025-env-texmfdist/tex/latex/pgf/compatibility/pgfcomp-version-1-18.sty
Package: pgfcomp-version-1-18 2023-01-15 v3.1.10 (3.1.10)
)) (/nix/store/46ijisvi9d4k5mxjq6w1lhn9cb12a7v8-texlive-2025-env-texmfdist/tex/latex/pgf/utilities/pgffor.sty (/nix/store/46ijisvi9d4k5mxjq6w1lhn9cb12a7v8-texlive-2025-env-texmfdist/tex/latex/pgf/utilities/pgfkeys.sty (/nix/store/46ijisvi9d4k5mxjq6w1lhn9cb12a7v8-texlive-2025-env-texmfdist/tex/generic/pgf/utilities/pgfkeys.code.tex)) (/nix/store/46ijisvi9d4k5mxjq6w1lhn9cb12a7v8-texlive-2025-env-texmfdist/tex/latex/pgf/math/pgfmath.sty (/nix/store/46ijisvi9d4k5mxjq6w1lhn9cb12a7v8-texlive-2025-env-texmfdist/tex/generic/pgf/math/pgfmath.code.tex))
(/nix/store/46ijisvi9d4k5mxjq6w1lhn9cb12a7v8-texlive-2025-env-texmfdist/tex/generic/pgf/utilities/pgffor.code.tex
Package: pgffor 2023-01-15 v3.1.10 (3.1.10)
\pgffor@iter=\dimen285
\pgffor@skip=\dimen286
\pgffor@stack=\toks41
\pgffor@toks=\toks42
)) (/nix/store/46ijisvi9d4k5mxjq6w1lhn9cb12a7v8-texlive-2025-env-texmfdist/tex/generic/pgf/frontendlayer/tikz/tikz.code.tex
Package: tikz 2023-01-15 v3.1.10 (3.1.10)
 (/nix/store/46ijisvi9d4k5mxjq6w1lhn9cb12a7v8-texlive-2025-env-texmfdist/tex/generic/pgf/libraries/pgflibraryplothandlers.code.tex
File: pgflibraryplothandlers.code.tex 2023-01-15 v3.1.10 (3.1.10)
\pgf@plot@mark@count=\count329
\pgfplotmarksize=\dimen287
)
\tikz@lastx=\dimen288
\tikz@lasty=\dimen289
\tikz@lastxsaved=\dimen290
\tikz@lastysaved=\dimen291
\tikz@lastmovetox=\dimen292
\tikz@lastmovetoy=\dimen293
\tikzleveldistance=\dimen294
\tikzsiblingdistance=\dimen295
\tikz@figbox=\box68
\tikz@figbox@bg=\box69
\tikz@tempbox=\box70
\tikz@tempbox@bg=\box71
\tikztreelevel=\count330
\tikznumberofchildren=\count331
\tikznumberofcurrentchild=\count332
\tikz@fig@count=\count333
 (/nix/store/46ijisvi9d4k5mxjq6w1lhn9cb12a7v8-texlive-2025-env-texmfdist/tex/generic/pgf/modules/pgfmodulematrix.code.tex
File: pgfmodulematrix.code.tex 2023-01-15 v3.1.10 (3.1.10)
\pgfmatrixcurrentrow=\count334
\pgfmatrixcurrentcolumn=\count335
\pgf@matrix@numberofcolumns=\count336
)
\tikz@expandcount=\count337
 (/nix/store/46ijisvi9d4k5mxjq6w1lhn9cb12a7v8-texlive-2025-env-texmfdist/tex/generic/pgf/frontendlayer/tikz/libraries/tikzlibrarytopaths.code.tex
File: tikzlibrarytopaths.code.tex 2023-01-15 v3.1.10 (3.1.10)
))) (/nix/store/46ijisvi9d4k5mxjq6w1lhn9cb12a7v8-texlive-2025-env-texmfdist/tex/latex/tools/verbatim.sty
Package: verbatim 2024-01-22 v1.5x LaTeX2e package for verbatim enhancements
\every@verbatim=\toks43
\verbatim@line=\toks44
\verbatim@in@stream=\read4
) (/nix/store/46ijisvi9d4k5mxjq6w1lhn9cb12a7v8-texlive-2025-env-texmfdist/tex/latex/environ/environ.sty
Package: environ 2014/05/04 v0.3 A new way to define environments
 (/nix/store/46ijisvi9d4k5mxjq6w1lhn9cb12a7v8-texlive-2025-env-texmfdist/tex/latex/trimspaces/trimspaces.sty
Package: trimspaces 2009/09/17 v1.1 Trim spaces around a token list
))
\tcb@titlebox=\box72
\tcb@upperbox=\box73
\tcb@lowerbox=\box74
\tcb@phantombox=\box75
\c@tcbbreakpart=\count338
\c@tcblayer=\count339
\c@tcolorbox@number=\count340
\l__tcobox_tmpa_box=\box76
\l__tcobox_tmpa_dim=\dimen296
\tcb@temp=\box77
\tcb@temp=\box78
\tcb@temp=\box79
\tcb@temp=\box80
) (/nix/store/46ijisvi9d4k5mxjq6w1lhn9cb12a7v8-texlive-2025-env-texmfdist/tex/latex/caption/caption.sty
Package: caption 2023/08/05 v3.6o Customizing captions (AR)
 (/nix/store/46ijisvi9d4k5mxjq6w1lhn9cb12a7v8-texlive-2025-env-texmfdist/tex/latex/caption/caption3.sty
Package: caption3 2023/07/31 v2.4d caption3 kernel (AR)
\caption@tempdima=\dimen297
\captionmargin=\dimen298
\caption@leftmargin=\dimen299
\caption@rightmargin=\dimen300
\caption@width=\dimen301
\caption@indent=\dimen302
\caption@parindent=\dimen303
\caption@hangindent=\dimen304
Package caption Info: Standard document class detected.
)
\c@caption@flags=\count341
\c@continuedfloat=\count342
Package caption Info: listings package is loaded.
) (/nix/store/46ijisvi9d4k5mxjq6w1lhn9cb12a7v8-texlive-2025-env-texmfdist/tex/latex/float/float.sty
Package: float 2001/11/08 v1.3d Float enhancements (AL)
\c@float@type=\count343
\float@exts=\toks45
\float@box=\box81
\@float@everytoks=\toks46
\@floatcapt=\box82
) (/nix/store/46ijisvi9d4k5mxjq6w1lhn9cb12a7v8-texlive-2025-env-texmfdist/tex/latex/fancyhdr/fancyhdr.sty
Package: fancyhdr 2025/02/07 v5.2 Extensive control of page headers and footers
\f@nch@headwidth=\skip58
\f@nch@offset@elh=\skip59
\f@nch@offset@erh=\skip60
\f@nch@offset@olh=\skip61
\f@nch@offset@orh=\skip62
\f@nch@offset@elf=\skip63
\f@nch@offset@erf=\skip64
\f@nch@offset@olf=\skip65
\f@nch@offset@orf=\skip66
\f@nch@height=\skip67
\f@nch@footalignment=\skip68
\f@nch@widthL=\skip69
\f@nch@widthC=\skip70
\f@nch@widthR=\skip71
\@temptokenb=\toks47
) (/nix/store/46ijisvi9d4k5mxjq6w1lhn9cb12a7v8-texlive-2025-env-texmfdist/tex/latex/titlesec/titlesec.sty
Package: titlesec 2025/01/04 v2.17 Sectioning titles
\ttl@box=\box83
\beforetitleunit=\skip72
\aftertitleunit=\skip73
\ttl@plus=\dimen305
\ttl@minus=\dimen306
\ttl@toksa=\toks48
\titlewidth=\dimen307
\titlewidthlast=\dimen308
\titlewidthfirst=\dimen309
) (/nix/store/46ijisvi9d4k5mxjq6w1lhn9cb12a7v8-texlive-2025-env-texmfdist/tex/latex/pgfplots/pgfplots.sty (/nix/store/46ijisvi9d4k5mxjq6w1lhn9cb12a7v8-texlive-2025-env-texmfdist/tex/generic/pgfplots/pgfplots.revision.tex)
Package: pgfplots 2021/05/15 v1.18.1 Data Visualization (1.18.1)
 (/nix/store/46ijisvi9d4k5mxjq6w1lhn9cb12a7v8-texlive-2025-env-texmfdist/tex/generic/pgfplots/pgfplots.code.tex (/nix/store/46ijisvi9d4k5mxjq6w1lhn9cb12a7v8-texlive-2025-env-texmfdist/tex/generic/pgfplots/pgfplotscore.code.tex
\t@pgfplots@toka=\toks49
\t@pgfplots@tokb=\toks50
\t@pgfplots@tokc=\toks51
\pgfplots@tmpa=\dimen310
\c@pgfplots@coordindex=\count344
\c@pgfplots@scanlineindex=\count345

(/nix/store/46ijisvi9d4k5mxjq6w1lhn9cb12a7v8-texlive-2025-env-texmfdist/tex/generic/pgfplots/sys/pgfplotssysgeneric.code.tex)) (/nix/store/46ijisvi9d4k5mxjq6w1lhn9cb12a7v8-texlive-2025-env-texmfdist/tex/generic/pgfplots/libs/pgfplotslibrary.code.tex) (/nix/store/46ijisvi9d4k5mxjq6w1lhn9cb12a7v8-texlive-2025-env-texmfdist/tex/generic/pgfplots/oldpgfcompatib/pgfplotsoldpgfsupp_loader.code.tex (/nix/store/46ijisvi9d4k5mxjq6w1lhn9cb12a7v8-texlive-2025-env-texmfdist/tex/generic/pgf/libraries/pgflibraryfpu.code.tex)
Package pgfplots: loading complementary utilities for your pgf version...
\t@pgf@toka=\toks52
\t@pgf@tokb=\toks53
\t@pgf@tokc=\toks54
(/nix/store/46ijisvi9d4k5mxjq6w1lhn9cb12a7v8-texlive-2025-env-texmfdist/tex/generic/pgfplots/oldpgfcompatib/pgfplotsoldpgfsupp_pgfutil-common-lists.tex)) (/nix/store/46ijisvi9d4k5mxjq6w1lhn9cb12a7v8-texlive-2025-env-texmfdist/tex/generic/pgfplots/util/pgfplotsutil.code.tex (/nix/store/46ijisvi9d4k5mxjq6w1lhn9cb12a7v8-texlive-2025-env-texmfdist/tex/generic/pgfplots/liststructure/pgfplotsliststructure.code.tex) (/nix/store/46ijisvi9d4k5mxjq6w1lhn9cb12a7v8-texlive-2025-env-texmfdist/tex/generic/pgfplots/liststructure/pgfplotsliststructureext.code.tex) (/nix/store/46ijisvi9d4k5mxjq6w1lhn9cb12a7v8-texlive-2025-env-texmfdist/tex/generic/pgfplots/liststructure/pgfplotsarray.code.tex
\c@pgfplotsarray@tmp=\count346
) (/nix/store/46ijisvi9d4k5mxjq6w1lhn9cb12a7v8-texlive-2025-env-texmfdist/tex/generic/pgfplots/liststructure/pgfplotsmatrix.code.tex) (/nix/store/46ijisvi9d4k5mxjq6w1lhn9cb12a7v8-texlive-2025-env-texmfdist/tex/generic/pgfplots/numtable/pgfplotstableshared.code.tex
\c@pgfplotstable@counta=\count347
\t@pgfplotstable@a=\toks55
) (/nix/store/46ijisvi9d4k5mxjq6w1lhn9cb12a7v8-texlive-2025-env-texmfdist/tex/generic/pgfplots/liststructure/pgfplotsdeque.code.tex) (/nix/store/46ijisvi9d4k5mxjq6w1lhn9cb12a7v8-texlive-2025-env-texmfdist/tex/generic/pgfplots/util/pgfplotsbinary.code.tex (/nix/store/46ijisvi9d4k5mxjq6w1lhn9cb12a7v8-texlive-2025-env-texmfdist/tex/generic/pgfplots/util/pgfplotsbinary.data.code.tex)) (/nix/store/46ijisvi9d4k5mxjq6w1lhn9cb12a7v8-texlive-2025-env-texmfdist/tex/generic/pgfplots/util/pgfplotsutil.verb.code.tex) (/nix/store/46ijisvi9d4k5mxjq6w1lhn9cb12a7v8-texlive-2025-env-texmfdist/tex/generic/pgfplots/libs/pgflibrarypgfplots.surfshading.code.tex
\c@pgfplotslibrarysurf@no=\count348
 (/nix/store/46ijisvi9d4k5mxjq6w1lhn9cb12a7v8-texlive-2025-env-texmfdist/tex/generic/pgfplots/sys/pgflibrarypgfplots.surfshading.pgfsys-pdftex.def))) (/nix/store/46ijisvi9d4k5mxjq6w1lhn9cb12a7v8-texlive-2025-env-texmfdist/tex/generic/pgfplots/util/pgfplotscolormap.code.tex (/nix/store/46ijisvi9d4k5mxjq6w1lhn9cb12a7v8-texlive-2025-env-texmfdist/tex/generic/pgfplots/util/pgfplotscolor.code.tex))
(/nix/store/46ijisvi9d4k5mxjq6w1lhn9cb12a7v8-texlive-2025-env-texmfdist/tex/generic/pgfplots/pgfplotsstackedplots.code.tex) (/nix/store/46ijisvi9d4k5mxjq6w1lhn9cb12a7v8-texlive-2025-env-texmfdist/tex/generic/pgfplots/pgfplotsplothandlers.code.tex (/nix/store/46ijisvi9d4k5mxjq6w1lhn9cb12a7v8-texlive-2025-env-texmfdist/tex/generic/pgfplots/pgfplotsmeshplothandler.code.tex (/nix/store/46ijisvi9d4k5mxjq6w1lhn9cb12a7v8-texlive-2025-env-texmfdist/tex/generic/pgfplots/pgfplotsmeshplotimage.code.tex))) (/nix/store/46ijisvi9d4k5mxjq6w1lhn9cb12a7v8-texlive-2025-env-texmfdist/tex/generic/pgfplots/pgfplots.scaling.code.tex) (/nix/store/46ijisvi9d4k5mxjq6w1lhn9cb12a7v8-texlive-2025-env-texmfdist/tex/generic/pgfplots/pgfplotscoordprocessing.code.tex) (/nix/store/46ijisvi9d4k5mxjq6w1lhn9cb12a7v8-texlive-2025-env-texmfdist/tex/generic/pgfplots/pgfplots.errorbars.code.tex) (/nix/store/46ijisvi9d4k5mxjq6w1lhn9cb12a7v8-texlive-2025-env-texmfdist/tex/generic/pgfplots/pgfplots.markers.code.tex) (/nix/store/46ijisvi9d4k5mxjq6w1lhn9cb12a7v8-texlive-2025-env-texmfdist/tex/generic/pgfplots/pgfplotsticks.code.tex) (/nix/store/46ijisvi9d4k5mxjq6w1lhn9cb12a7v8-texlive-2025-env-texmfdist/tex/generic/pgfplots/pgfplots.paths.code.tex) (/nix/store/46ijisvi9d4k5mxjq6w1lhn9cb12a7v8-texlive-2025-env-texmfdist/tex/generic/pgf/frontendlayer/tikz/libraries/tikzlibrarydecorations.code.tex (/nix/store/46ijisvi9d4k5mxjq6w1lhn9cb12a7v8-texlive-2025-env-texmfdist/tex/generic/pgf/modules/pgfmoduledecorations.code.tex
\pgfdecoratedcompleteddistance=\dimen311
\pgfdecoratedremainingdistance=\dimen312
\pgfdecoratedinputsegmentcompleteddistance=\dimen313
\pgfdecoratedinputsegmentremainingdistance=\dimen314
\pgf@decorate@distancetomove=\dimen315
\pgf@decorate@repeatstate=\count349
\pgfdecorationsegmentamplitude=\dimen316
\pgfdecorationsegmentlength=\dimen317
)
\tikz@lib@dec@box=\box84
) (/nix/store/46ijisvi9d4k5mxjq6w1lhn9cb12a7v8-texlive-2025-env-texmfdist/tex/generic/pgf/frontendlayer/tikz/libraries/tikzlibrarydecorations.pathmorphing.code.tex (/nix/store/46ijisvi9d4k5mxjq6w1lhn9cb12a7v8-texlive-2025-env-texmfdist/tex/generic/pgf/libraries/decorations/pgflibrarydecorations.pathmorphing.code.tex)) (/nix/store/46ijisvi9d4k5mxjq6w1lhn9cb12a7v8-texlive-2025-env-texmfdist/tex/generic/pgf/frontendlayer/tikz/libraries/tikzlibrarydecorations.pathreplacing.code.tex
(/nix/store/46ijisvi9d4k5mxjq6w1lhn9cb12a7v8-texlive-2025-env-texmfdist/tex/generic/pgf/libraries/decorations/pgflibrarydecorations.pathreplacing.code.tex)) (/nix/store/46ijisvi9d4k5mxjq6w1lhn9cb12a7v8-texlive-2025-env-texmfdist/tex/generic/pgfplots/libs/tikzlibrarypgfplots.contourlua.code.tex)
\pgfplots@numplots=\count350
\pgfplots@xmin@reg=\dimen318
\pgfplots@xmax@reg=\dimen319
\pgfplots@ymin@reg=\dimen320
\pgfplots@ymax@reg=\dimen321
\pgfplots@zmin@reg=\dimen322
\pgfplots@zmax@reg=\dimen323
) (/nix/store/46ijisvi9d4k5mxjq6w1lhn9cb12a7v8-texlive-2025-env-texmfdist/tex/generic/pgf/frontendlayer/tikz/libraries/tikzlibraryplotmarks.code.tex
File: tikzlibraryplotmarks.code.tex 2023-01-15 v3.1.10 (3.1.10)
 (/nix/store/46ijisvi9d4k5mxjq6w1lhn9cb12a7v8-texlive-2025-env-texmfdist/tex/generic/pgf/libraries/pgflibraryplotmarks.code.tex
File: pgflibraryplotmarks.code.tex 2023-01-15 v3.1.10 (3.1.10)
))) (/nix/store/46ijisvi9d4k5mxjq6w1lhn9cb12a7v8-texlive-2025-env-texmfdist/tex/latex/hyperref/hyperref.sty
Package: hyperref 2025-06-21 v7.01n Hypertext links for LaTeX
 (/nix/store/46ijisvi9d4k5mxjq6w1lhn9cb12a7v8-texlive-2025-env-texmfdist/tex/latex/kvsetkeys/kvsetkeys.sty
Package: kvsetkeys 2022-10-05 v1.19 Key value parser (HO)
) (/nix/store/46ijisvi9d4k5mxjq6w1lhn9cb12a7v8-texlive-2025-env-texmfdist/tex/generic/kvdefinekeys/kvdefinekeys.sty
Package: kvdefinekeys 2019-12-19 v1.6 Define keys (HO)
) (/nix/store/46ijisvi9d4k5mxjq6w1lhn9cb12a7v8-texlive-2025-env-texmfdist/tex/generic/pdfescape/pdfescape.sty
Package: pdfescape 2019/12/09 v1.15 Implements pdfTeX's escape features (HO)
 (/nix/store/46ijisvi9d4k5mxjq6w1lhn9cb12a7v8-texlive-2025-env-texmfdist/tex/generic/ltxcmds/ltxcmds.sty
Package: ltxcmds 2023-12-04 v1.26 LaTeX kernel commands for general use (HO)
) (/nix/store/46ijisvi9d4k5mxjq6w1lhn9cb12a7v8-texlive-2025-env-texmfdist/tex/generic/pdftexcmds/pdftexcmds.sty
Package: pdftexcmds 2020-06-27 v0.33 Utility functions of pdfTeX for LuaTeX (HO)
 (/nix/store/46ijisvi9d4k5mxjq6w1lhn9cb12a7v8-texlive-2025-env-texmfdist/tex/generic/infwarerr/infwarerr.sty
Package: infwarerr 2019/12/03 v1.5 Providing info/warning/error messages (HO)
)
Package pdftexcmds Info: \pdf@primitive is available.
Package pdftexcmds Info: \pdf@ifprimitive is available.
Package pdftexcmds Info: \pdfdraftmode found.
)) (/nix/store/46ijisvi9d4k5mxjq6w1lhn9cb12a7v8-texlive-2025-env-texmfdist/tex/latex/hycolor/hycolor.sty
Package: hycolor 2020-01-27 v1.10 Color options for hyperref/bookmark (HO)
) (/nix/store/46ijisvi9d4k5mxjq6w1lhn9cb12a7v8-texlive-2025-env-texmfdist/tex/latex/hyperref/nameref.sty
Package: nameref 2025-06-21 v2.57 Cross-referencing by name of section
 (/nix/store/46ijisvi9d4k5mxjq6w1lhn9cb12a7v8-texlive-2025-env-texmfdist/tex/latex/refcount/refcount.sty
Package: refcount 2019/12/15 v3.6 Data extraction from label references (HO)
) (/nix/store/46ijisvi9d4k5mxjq6w1lhn9cb12a7v8-texlive-2025-env-texmfdist/tex/generic/gettitlestring/gettitlestring.sty
Package: gettitlestring 2019/12/15 v1.6 Cleanup title references (HO)
 (/nix/store/46ijisvi9d4k5mxjq6w1lhn9cb12a7v8-texlive-2025-env-texmfdist/tex/latex/kvoptions/kvoptions.sty
Package: kvoptions 2022-06-15 v3.15 Key value format for package options (HO)
))
\c@section@level=\count351
) (/nix/store/46ijisvi9d4k5mxjq6w1lhn9cb12a7v8-texlive-2025-env-texmfdist/tex/generic/stringenc/stringenc.sty
Package: stringenc 2019/11/29 v1.12 Convert strings between diff. encodings (HO)
)
\@linkdim=\dimen324
\Hy@linkcounter=\count352
\Hy@pagecounter=\count353

(/nix/store/46ijisvi9d4k5mxjq6w1lhn9cb12a7v8-texlive-2025-env-texmfdist/tex/latex/hyperref/pd1enc.def
File: pd1enc.def 2025-06-21 v7.01n Hyperref: PDFDocEncoding definition (HO)
Now handling font encoding PD1 ...
... no UTF-8 mapping file for font encoding PD1
) (/nix/store/46ijisvi9d4k5mxjq6w1lhn9cb12a7v8-texlive-2025-env-texmfdist/tex/generic/intcalc/intcalc.sty
Package: intcalc 2019/12/15 v1.3 Expandable calculations with integers (HO)
)
\Hy@SavedSpaceFactor=\count354
 (/nix/store/46ijisvi9d4k5mxjq6w1lhn9cb12a7v8-texlive-2025-env-texmfdist/tex/latex/hyperref/puenc.def
File: puenc.def 2025-06-21 v7.01n Hyperref: PDF Unicode definition (HO)
Now handling font encoding PU ...
... no UTF-8 mapping file for font encoding PU
)
Package hyperref Info: Option `colorlinks' set `true' on input line 4052.
Package hyperref Info: Hyper figures OFF on input line 4181.
Package hyperref Info: Link nesting OFF on input line 4186.
Package hyperref Info: Hyper index ON on input line 4189.
Package hyperref Info: Plain pages OFF on input line 4196.
Package hyperref Info: Backreferencing OFF on input line 4201.
Package hyperref Info: Implicit mode ON; LaTeX internals redefined.
Package hyperref Info: Bookmarks ON on input line 4448.
\c@Hy@tempcnt=\count355
 (/nix/store/46ijisvi9d4k5mxjq6w1lhn9cb12a7v8-texlive-2025-env-texmfdist/tex/latex/url/url.sty
\Urlmuskip=\muskip18
Package: url 2013/09/16  ver 3.4  Verb mode for urls, etc.
)
LaTeX Info: Redefining \url on input line 4787.
\XeTeXLinkMargin=\dimen325
 (/nix/store/46ijisvi9d4k5mxjq6w1lhn9cb12a7v8-texlive-2025-env-texmfdist/tex/generic/bitset/bitset.sty
Package: bitset 2019/12/09 v1.3 Handle bit-vector datatype (HO)
 (/nix/store/46ijisvi9d4k5mxjq6w1lhn9cb12a7v8-texlive-2025-env-texmfdist/tex/generic/bigintcalc/bigintcalc.sty
Package: bigintcalc 2019/12/15 v1.5 Expandable calculations on big integers (HO)
))
\Fld@menulength=\count356
\Field@Width=\dimen326
\Fld@charsize=\dimen327
Package hyperref Info: Hyper figures OFF on input line 6066.
Package hyperref Info: Link nesting OFF on input line 6071.
Package hyperref Info: Hyper index ON on input line 6074.
Package hyperref Info: backreferencing OFF on input line 6081.
Package hyperref Info: Link coloring ON on input line 6084.
Package hyperref Info: Link coloring with OCG OFF on input line 6091.
Package hyperref Info: PDF/A mode OFF on input line 6096.
\Hy@abspage=\count357
\c@Item=\count358
\c@Hfootnote=\count359
)
Package hyperref Info: Driver (autodetected): hpdftex.
 (/nix/store/46ijisvi9d4k5mxjq6w1lhn9cb12a7v8-texlive-2025-env-texmfdist/tex/latex/hyperref/hpdftex.def
File: hpdftex.def 2025-06-21 v7.01n Hyperref driver for pdfTeX
\Fld@listcount=\count360
\c@bookmark@seq@number=\count361
 (/nix/store/46ijisvi9d4k5mxjq6w1lhn9cb12a7v8-texlive-2025-env-texmfdist/tex/latex/rerunfilecheck/rerunfilecheck.sty
Package: rerunfilecheck 2025-06-21 v1.11 Rerun checks for auxiliary files (HO)
 (/nix/store/46ijisvi9d4k5mxjq6w1lhn9cb12a7v8-texlive-2025-env-texmfdist/tex/generic/uniquecounter/uniquecounter.sty
Package: uniquecounter 2019/12/15 v1.4 Provide unlimited unique counter (HO)
)
Package uniquecounter Info: New unique counter `rerunfilecheck' on input line 284.
)
\Hy@SectionHShift=\skip74
) (/nix/store/46ijisvi9d4k5mxjq6w1lhn9cb12a7v8-texlive-2025-env-texmfdist/tex/latex/listings/lstlang1.sty
File: lstlang1.sty 2024/09/23 1.10c listings language file
) (/nix/store/46ijisvi9d4k5mxjq6w1lhn9cb12a7v8-texlive-2025-env-texmfdist/tex/latex/l3backend/l3backend-pdftex.def
File: l3backend-pdftex.def 2025-06-09 L3 backend support: PDF output (pdfTeX)
\l__color_backend_stack_int=\count362
) (./report.aux)
\openout1 = `report.aux'.

LaTeX Font Info:    Checking defaults for OML/cmm/m/it on input line 77.
LaTeX Font Info:    ... okay on input line 77.
LaTeX Font Info:    Checking defaults for OMS/cmsy/m/n on input line 77.
LaTeX Font Info:    ... okay on input line 77.
LaTeX Font Info:    Checking defaults for OT1/cmr/m/n on input line 77.
LaTeX Font Info:    ... okay on input line 77.
LaTeX Font Info:    Checking defaults for T1/cmr/m/n on input line 77.
LaTeX Font Info:    ... okay on input line 77.
LaTeX Font Info:    Checking defaults for TS1/cmr/m/n on input line 77.
LaTeX Font Info:    ... okay on input line 77.
LaTeX Font Info:    Checking defaults for OMX/cmex/m/n on input line 77.
LaTeX Font Info:    ... okay on input line 77.
LaTeX Font Info:    Checking defaults for U/cmr/m/n on input line 77.
LaTeX Font Info:    ... okay on input line 77.
LaTeX Font Info:    Checking defaults for PD1/pdf/m/n on input line 77.
LaTeX Font Info:    ... okay on input line 77.
LaTeX Font Info:    Checking defaults for PU/pdf/m/n on input line 77.
LaTeX Font Info:    ... okay on input line 77.

*geometry* driver: auto-detecting
*geometry* detected driver: pdftex
*geometry* verbose mode - [ preamble ] result:
* driver: pdftex
* paper: a4paper
* layout: <same size as paper>
* layoutoffset:(h,v)=(0.0pt,0.0pt)
* modes: 
* h-part:(L,W,R)=(55.48277pt, 486.54233pt, 55.48277pt)
* v-part:(T,H,B)=(55.48277pt, 734.0813pt, 55.48277pt)
* \paperwidth=597.50787pt
* \paperheight=845.04684pt
* \textwidth=486.54233pt
* \textheight=734.0813pt
* \oddsidemargin=-16.78722pt
* \evensidemargin=-16.78722pt
* \topmargin=-53.78722pt
* \headheight=12.0pt
* \headsep=25.0pt
* \topskip=10.0pt
* \footskip=30.0pt
* \marginparwidth=57.0pt
* \marginparsep=11.0pt
* \columnsep=10.0pt
* \skip\footins=9.0pt plus 4.0pt minus 2.0pt
* \hoffset=0.0pt
* \voffset=0.0pt
* \mag=1000
* \@twocolumnfalse
* \@twosidefalse
* \@mparswitchfalse
* \@reversemarginfalse
* (1in=72.27pt=25.4mm, 1cm=28.453pt)

(/nix/store/46ijisvi9d4k5mxjq6w1lhn9cb12a7v8-texlive-2025-env-texmfdist/tex/context/base/mkii/supp-pdf.mkii
[Loading MPS to PDF converter (version 2006.09.02).]
\scratchcounter=\count363
\scratchdimen=\dimen328
\scratchbox=\box85
\nofMPsegments=\count364
\nofMParguments=\count365
\everyMPshowfont=\toks56
\MPscratchCnt=\count366
\MPscratchDim=\dimen329
\MPnumerator=\count367
\makeMPintoPDFobject=\count368
\everyMPtoPDFconversion=\toks57
) (/nix/store/46ijisvi9d4k5mxjq6w1lhn9cb12a7v8-texlive-2025-env-texmfdist/tex/latex/epstopdf-pkg/epstopdf-base.sty
Package: epstopdf-base 2020-01-24 v2.11 Base part for package epstopdf
Package epstopdf-base Info: Redefining graphics rule for `.eps' on input line 485.
 (/nix/store/46ijisvi9d4k5mxjq6w1lhn9cb12a7v8-texlive-2025-env-texmfdist/tex/latex/latexconfig/epstopdf-sys.cfg
File: epstopdf-sys.cfg 2010/07/13 v1.3 Configuration of (r)epstopdf for TeX Live
))
LaTeX Info: Redefining \microtypecontext on input line 77.
Package microtype Info: Applying patch `item' on input line 77.
Package microtype Info: Applying patch `toc' on input line 77.
Package microtype Info: Applying patch `eqnum' on input line 77.
Package microtype Info: Applying patch `footnote' on input line 77.
Package microtype Info: Applying patch `verbatim' on input line 77.
LaTeX Info: Redefining \microtypesetup on input line 77.
Package microtype Info: Generating PDF output.
Package microtype Info: Character protrusion enabled (level 2).
Package microtype Info: Using default protrusion set `alltext'.
Package microtype Info: No font expansion.
Package microtype Info: No adjustment of tracking.
Package microtype Info: No adjustment of interword spacing.
Package microtype Info: No adjustment of character kerning.
 (/nix/store/46ijisvi9d4k5mxjq6w1lhn9cb12a7v8-texlive-2025-env-texmfdist/tex/latex/microtype/mt-cmr.cfg
File: mt-cmr.cfg 2013/05/19 v2.2 microtype config. file: Computer Modern Roman (RS)
)
\c@lstlisting=\count369
Package caption Info: Begin \AtBeginDocument code.
Package caption Info: float package is loaded.
Package caption Info: hyperref package is loaded.
Package caption Info: End \AtBeginDocument code.

Package pgfplots notification 'compat/show suggested version=true': you might benefit from \pgfplotsset{compat=1.18} (current compat level: 1.16).

Package hyperref Info: Link coloring ON on input line 77.
(./report.out) (./report.out)
\@outlinefile=\write4
\openout4 = `report.out'.

LaTeX Font Info:    Trying to load font information for U+msa on input line 93.
 (/nix/store/46ijisvi9d4k5mxjq6w1lhn9cb12a7v8-texlive-2025-env-texmfdist/tex/latex/amsfonts/umsa.fd
File: umsa.fd 2013/01/14 v3.01 AMS symbols A
) (/nix/store/46ijisvi9d4k5mxjq6w1lhn9cb12a7v8-texlive-2025-env-texmfdist/tex/latex/microtype/mt-msa.cfg
File: mt-msa.cfg 2006/02/04 v1.1 microtype config. file: AMS symbols (a) (RS)
)
LaTeX Font Info:    Trying to load font information for U+msb on input line 93.
 (/nix/store/46ijisvi9d4k5mxjq6w1lhn9cb12a7v8-texlive-2025-env-texmfdist/tex/latex/amsfonts/umsb.fd
File: umsb.fd 2013/01/14 v3.01 AMS symbols B
) (/nix/store/46ijisvi9d4k5mxjq6w1lhn9cb12a7v8-texlive-2025-env-texmfdist/tex/latex/microtype/mt-msb.cfg
File: mt-msb.cfg 2005/06/01 v1.0 microtype config. file: AMS symbols (b) (RS)
)
Package microtype Info: Loading generic protrusion settings for font family
(microtype)             `cmtt' (encoding: T1).
(microtype)             For optimal results, create family-specific settings.
(microtype)             See the microtype manual for details.


[1{/nix/store/qmzwff5xfj5p0939x57r6zdcwmns5hsa-texlive-2025-env/share/texmf-var/fonts/map/pdftex/updmap/pdftex.map}{/nix/store/46ijisvi9d4k5mxjq6w1lhn9cb12a7v8-texlive-2025-env-texmfdist/fonts/enc/dvips/cm-super/cm-super-t1.enc}

{/nix/store/46ijisvi9d4k5mxjq6w1lhn9cb12a7v8-texlive-2025-env-texmfdist/fonts/enc/dvips/cm-super/cm-super-ts1.enc}]

[2]
Underfull \hbox (badness 10000) in paragraph at lines 261--261
[]|[]\T1/cmtt/m/n/9 index.html[] \T1/cmr/m/n/9 &
 []


Underfull \hbox (badness 10000) in paragraph at lines 261--261
[]|\T1/cmr/m/n/9 45 +
 []

Package microtype Info: Loading generic protrusion settings for font family
(microtype)             `cmtt' (encoding: OT1).
(microtype)             For optimal results, create family-specific settings.
(microtype)             See the microtype manual for details.


[3]

Package caption Warning: The option `hypcap=true' will be ignored for this
(caption)                particular \caption on input line 390.
See the caption package documentation for explanation.

LaTeX Font Info:    Font shape `T1/cmtt/bx/n' in size <7> not available
(Font)              Font shape `T1/cmtt/m/n' tried instead on input line 416.


[4]

[5]

[6]
Package microtype Info: Loading generic protrusion settings for font family
(microtype)             `cmss' (encoding: T1).
(microtype)             For optimal results, create family-specific settings.
(microtype)             See the microtype manual for details.


[7]

[8]

[9]

[10] (./report.aux)
 ***********
LaTeX2e <2025-06-01> patch level 1
L3 programming layer <2025-06-09>
 ***********
Package rerunfilecheck Info: File `report.out' has not changed.
(rerunfilecheck)             Checksum: 62EB8D46272BB381DE924411184AB04D;4665.
 ) 
Here is how much of TeX's memory you used:
 40813 strings out of 467890
 930135 string characters out of 5410143
 1756255 words of memory out of 5000000
 68666 multiletter control sequences out of 15000+600000
 650372 words of font info for 98 fonts, out of 8000000 for 9000
 1141 hyphenation exceptions out of 8191
 98i,18n,101p,1003b,2194s stack positions out of 10000i,1000n,20000p,200000b,200000s
</nix/store/46ijisvi9d4k5mxjq6w1lhn9cb12a7v8-texlive-2025-env-texmfdist/fonts/type1/public/amsfonts/cm/cmbx10.pfb></nix/store/46ijisvi9d4k5mxjq6w1lhn9cb12a7v8-texlive-2025-env-texmfdist/fonts/type1/public/amsfonts/cm/cmex10.pfb></nix/store/46ijisvi9d4k5mxjq6w1lhn9cb12a7v8-texlive-2025-env-texmfdist/fonts/type1/public/amsfonts/cm/cmmi10.pfb></nix/store/46ijisvi9d4k5mxjq6w1lhn9cb12a7v8-texlive-2025-env-texmfdist/fonts/type1/public/amsfonts/cm/cmmi5.pfb></nix/store/46ijisvi9d4k5mxjq6w1lhn9cb12a7v8-texlive-2025-env-texmfdist/fonts/type1/public/amsfonts/cm/cmmi7.pfb></nix/store/46ijisvi9d4k5mxjq6w1lhn9cb12a7v8-texlive-2025-env-texmfdist/fonts/type1/public/amsfonts/cm/cmmi9.pfb></nix/store/46ijisvi9d4k5mxjq6w1lhn9cb12a7v8-texlive-2025-env-texmfdist/fonts/type1/public/amsfonts/cm/cmr10.pfb></nix/store/46ijisvi9d4k5mxjq6w1lhn9cb12a7v8-texlive-2025-env-texmfdist/fonts/type1/public/amsfonts/cm/cmr5.pfb></nix/store/46ijisvi9d4k5mxjq6w1lhn9cb12a7v8-texlive-2025-env-texmfdist/fonts/type1/public/amsfonts/cm/cmr6.pfb></nix/store/46ijisvi9d4k5mxjq6w1lhn9cb12a7v8-texlive-2025-env-texmfdist/fonts/type1/public/amsfonts/cm/cmr7.pfb></nix/store/46ijisvi9d4k5mxjq6w1lhn9cb12a7v8-texlive-2025-env-texmfdist/fonts/type1/public/amsfonts/cm/cmr9.pfb></nix/store/46ijisvi9d4k5mxjq6w1lhn9cb12a7v8-texlive-2025-env-texmfdist/fonts/type1/public/amsfonts/cm/cmsy10.pfb></nix/store/46ijisvi9d4k5mxjq6w1lhn9cb12a7v8-texlive-2025-env-texmfdist/fonts/type1/public/amsfonts/cm/cmsy7.pfb></nix/store/46ijisvi9d4k5mxjq6w1lhn9cb12a7v8-texlive-2025-env-texmfdist/fonts/type1/public/amsfonts/cm/cmsy9.pfb></nix/store/46ijisvi9d4k5mxjq6w1lhn9cb12a7v8-texlive-2025-env-texmfdist/fonts/type1/public/amsfonts/cm/cmti10.pfb></nix/store/46ijisvi9d4k5mxjq6w1lhn9cb12a7v8-texlive-2025-env-texmfdist/fonts/type1/public/amsfonts/cm/cmtt10.pfb></nix/store/46ijisvi9d4k5mxjq6w1lhn9cb12a7v8-texlive-2025-env-texmfdist/fonts/type1/public/amsfonts/symbols/msam10.pfb></nix/store/46ijisvi9d4k5mxjq6w1lhn9cb12a7v8-texlive-2025-env-texmfdi
st/fonts/type1/public/cm-super/sfbx0900.pfb></nix/store/46ijisvi9d4k5mxjq6w1lhn9cb12a7v8-texlive-2025-env-texmfdist/fonts/type1/public/cm-super/sfbx1000.pfb></nix/store/46ijisvi9d4k5mxjq6w1lhn9cb12a7v8-texlive-2025-env-texmfdist/fonts/type1/public/cm-super/sfbx1200.pfb></nix/store/46ijisvi9d4k5mxjq6w1lhn9cb12a7v8-texlive-2025-env-texmfdist/fonts/type1/public/cm-super/sfbx2074.pfb></nix/store/46ijisvi9d4k5mxjq6w1lhn9cb12a7v8-texlive-2025-env-texmfdist/fonts/type1/public/cm-super/sfcc0900.pfb></nix/store/46ijisvi9d4k5mxjq6w1lhn9cb12a7v8-texlive-2025-env-texmfdist/fonts/type1/public/cm-super/sfcc1000.pfb></nix/store/46ijisvi9d4k5mxjq6w1lhn9cb12a7v8-texlive-2025-env-texmfdist/fonts/type1/public/cm-super/sfit0800.pfb></nix/store/46ijisvi9d4k5mxjq6w1lhn9cb12a7v8-texlive-2025-env-texmfdist/fonts/type1/public/cm-super/sfrm0700.pfb></nix/store/46ijisvi9d4k5mxjq6w1lhn9cb12a7v8-texlive-2025-env-texmfdist/fonts/type1/public/cm-super/sfrm0900.pfb></nix/store/46ijisvi9d4k5mxjq6w1lhn9cb12a7v8-texlive-2025-env-texmfdist/fonts/type1/public/cm-super/sfrm1000.pfb></nix/store/46ijisvi9d4k5mxjq6w1lhn9cb12a7v8-texlive-2025-env-texmfdist/fonts/type1/public/cm-super/sfrm1200.pfb></nix/store/46ijisvi9d4k5mxjq6w1lhn9cb12a7v8-texlive-2025-env-texmfdist/fonts/type1/public/cm-super/sfss0900.pfb></nix/store/46ijisvi9d4k5mxjq6w1lhn9cb12a7v8-texlive-2025-env-texmfdist/fonts/type1/public/cm-super/sfti0900.pfb></nix/store/46ijisvi9d4k5mxjq6w1lhn9cb12a7v8-texlive-2025-env-texmfdist/fonts/type1/public/cm-super/sfti1000.pfb></nix/store/46ijisvi9d4k5mxjq6w1lhn9cb12a7v8-texlive-2025-env-texmfdist/fonts/type1/public/cm-super/sftt0800.pfb></nix/store/46ijisvi9d4k5mxjq6w1lhn9cb12a7v8-texlive-2025-env-texmfdist/fonts/type1/public/cm-super/sftt0900.pfb>
Output written on report.pdf (10 pages, 595545 bytes).
PDF statistics:
 439 PDF objects out of 1000 (max. 8388607)
 356 compressed objects within 4 object streams
 117 named destinations out of 1000 (max. 500000)
 22205 words of extra memory for PDF output out of 24883 (max. 10000000)

